Archive member included to satisfy reference by file (symbol)

C:/ST/STM32CubeIDE_1.19.0/STM32CubeIDE/plugins/com.st.stm32cube.ide.mcu.externaltools.gnu-tools-for-stm32.13.3.rel1.win32_1.0.0.202411081344/tools/bin/../lib/gcc/arm-none-eabi/13.3.1/../../../../arm-none-eabi/lib/thumb/v7e-m+fp/hard\libc_nano.a(libc_a-exit.o)
                              C:/ST/STM32CubeIDE_1.19.0/STM32CubeIDE/plugins/com.st.stm32cube.ide.mcu.externaltools.gnu-tools-for-stm32.13.3.rel1.win32_1.0.0.202411081344/tools/bin/../lib/gcc/arm-none-eabi/13.3.1/../../../../arm-none-eabi/lib/thumb/v7e-m+fp/hard/crt0.o (exit)
C:/ST/STM32CubeIDE_1.19.0/STM32CubeIDE/plugins/com.st.stm32cube.ide.mcu.externaltools.gnu-tools-for-stm32.13.3.rel1.win32_1.0.0.202411081344/tools/bin/../lib/gcc/arm-none-eabi/13.3.1/../../../../arm-none-eabi/lib/thumb/v7e-m+fp/hard\libc_nano.a(libc_a-findfp.o)
                              ./Middlewares/Third_Party/FreeRTOS/Source/tasks.o (__sf)
C:/ST/STM32CubeIDE_1.19.0/STM32CubeIDE/plugins/com.st.stm32cube.ide.mcu.externaltools.gnu-tools-for-stm32.13.3.rel1.win32_1.0.0.202411081344/tools/bin/../lib/gcc/arm-none-eabi/13.3.1/../../../../arm-none-eabi/lib/thumb/v7e-m+fp/hard\libc_nano.a(libc_a-fwalk.o)
                              C:/ST/STM32CubeIDE_1.19.0/STM32CubeIDE/plugins/com.st.stm32cube.ide.mcu.externaltools.gnu-tools-for-stm32.13.3.rel1.win32_1.0.0.202411081344/tools/bin/../lib/gcc/arm-none-eabi/13.3.1/../../../../arm-none-eabi/lib/thumb/v7e-m+fp/hard\libc_nano.a(libc_a-findfp.o) (_fwalk_sglue)
C:/ST/STM32CubeIDE_1.19.0/STM32CubeIDE/plugins/com.st.stm32cube.ide.mcu.externaltools.gnu-tools-for-stm32.13.3.rel1.win32_1.0.0.202411081344/tools/bin/../lib/gcc/arm-none-eabi/13.3.1/../../../../arm-none-eabi/lib/thumb/v7e-m+fp/hard\libc_nano.a(libc_a-stdio.o)
                              C:/ST/STM32CubeIDE_1.19.0/STM32CubeIDE/plugins/com.st.stm32cube.ide.mcu.externaltools.gnu-tools-for-stm32.13.3.rel1.win32_1.0.0.202411081344/tools/bin/../lib/gcc/arm-none-eabi/13.3.1/../../../../arm-none-eabi/lib/thumb/v7e-m+fp/hard\libc_nano.a(libc_a-findfp.o) (__sread)
C:/ST/STM32CubeIDE_1.19.0/STM32CubeIDE/plugins/com.st.stm32cube.ide.mcu.externaltools.gnu-tools-for-stm32.13.3.rel1.win32_1.0.0.202411081344/tools/bin/../lib/gcc/arm-none-eabi/13.3.1/../../../../arm-none-eabi/lib/thumb/v7e-m+fp/hard\libc_nano.a(libc_a-memset.o)
                              C:/ST/STM32CubeIDE_1.19.0/STM32CubeIDE/plugins/com.st.stm32cube.ide.mcu.externaltools.gnu-tools-for-stm32.13.3.rel1.win32_1.0.0.202411081344/tools/bin/../lib/gcc/arm-none-eabi/13.3.1/../../../../arm-none-eabi/lib/thumb/v7e-m+fp/hard/crt0.o (memset)
C:/ST/STM32CubeIDE_1.19.0/STM32CubeIDE/plugins/com.st.stm32cube.ide.mcu.externaltools.gnu-tools-for-stm32.13.3.rel1.win32_1.0.0.202411081344/tools/bin/../lib/gcc/arm-none-eabi/13.3.1/../../../../arm-none-eabi/lib/thumb/v7e-m+fp/hard\libc_nano.a(libc_a-closer.o)
                              C:/ST/STM32CubeIDE_1.19.0/STM32CubeIDE/plugins/com.st.stm32cube.ide.mcu.externaltools.gnu-tools-for-stm32.13.3.rel1.win32_1.0.0.202411081344/tools/bin/../lib/gcc/arm-none-eabi/13.3.1/../../../../arm-none-eabi/lib/thumb/v7e-m+fp/hard\libc_nano.a(libc_a-stdio.o) (_close_r)
C:/ST/STM32CubeIDE_1.19.0/STM32CubeIDE/plugins/com.st.stm32cube.ide.mcu.externaltools.gnu-tools-for-stm32.13.3.rel1.win32_1.0.0.202411081344/tools/bin/../lib/gcc/arm-none-eabi/13.3.1/../../../../arm-none-eabi/lib/thumb/v7e-m+fp/hard\libc_nano.a(libc_a-reent.o)
                              ./Middlewares/Third_Party/FreeRTOS/Source/tasks.o (_reclaim_reent)
C:/ST/STM32CubeIDE_1.19.0/STM32CubeIDE/plugins/com.st.stm32cube.ide.mcu.externaltools.gnu-tools-for-stm32.13.3.rel1.win32_1.0.0.202411081344/tools/bin/../lib/gcc/arm-none-eabi/13.3.1/../../../../arm-none-eabi/lib/thumb/v7e-m+fp/hard\libc_nano.a(libc_a-impure.o)
                              ./Middlewares/Third_Party/FreeRTOS/Source/tasks.o (_impure_ptr)
C:/ST/STM32CubeIDE_1.19.0/STM32CubeIDE/plugins/com.st.stm32cube.ide.mcu.externaltools.gnu-tools-for-stm32.13.3.rel1.win32_1.0.0.202411081344/tools/bin/../lib/gcc/arm-none-eabi/13.3.1/../../../../arm-none-eabi/lib/thumb/v7e-m+fp/hard\libc_nano.a(libc_a-lseekr.o)
                              C:/ST/STM32CubeIDE_1.19.0/STM32CubeIDE/plugins/com.st.stm32cube.ide.mcu.externaltools.gnu-tools-for-stm32.13.3.rel1.win32_1.0.0.202411081344/tools/bin/../lib/gcc/arm-none-eabi/13.3.1/../../../../arm-none-eabi/lib/thumb/v7e-m+fp/hard\libc_nano.a(libc_a-stdio.o) (_lseek_r)
C:/ST/STM32CubeIDE_1.19.0/STM32CubeIDE/plugins/com.st.stm32cube.ide.mcu.externaltools.gnu-tools-for-stm32.13.3.rel1.win32_1.0.0.202411081344/tools/bin/../lib/gcc/arm-none-eabi/13.3.1/../../../../arm-none-eabi/lib/thumb/v7e-m+fp/hard\libc_nano.a(libc_a-readr.o)
[...]
Memory Configuration

Name             Origin             Length             Attributes
CCMRAM           0x10000000         0x00010000         xrw
RAM              0x20000000         0x00020000         xrw
FLASH            0x08000000         0x00100000         xr
*default*        0x00000000         0xffffffff

Linker script and memory map

LOAD C:/ST/STM32CubeIDE_1.19.0/STM32CubeIDE/plugins/com.st.stm32cube.ide.mcu.externaltools.gnu-tools-for-stm32.13.3.rel1.win32_1.0.0.202411081344/tools/bin/../lib/gcc/arm-none-eabi/13.3.1/thumb/v7e-m+fp/hard/crti.o
LOAD C:/ST/STM32CubeIDE_1.19.0/STM32CubeIDE/plugins/com.st.stm32cube.ide.mcu.externaltools.gnu-tools-for-stm32.13.3.rel1.win32_1.0.0.202411081344/tools/bin/../lib/gcc/arm-none-eabi/13.3.1/thumb/v7e-m+fp/hard/crtbegin.o
LOAD C:/ST/STM32CubeIDE_1.19.0/STM32CubeIDE/plugins/com.st.stm32cube.ide.mcu.externaltools.gnu-tools-for-stm32.13.3.rel1.win32_1.0.0.202411081344/tools/bin/../lib/gcc/arm-none-eabi/13.3.1/../../../../arm-none-eabi/lib/thumb/v7e-m+fp/hard/crt0.o
LOAD ./Core/Src/callbacks.o
LOAD ./Core/Src/freertos.o
LOAD ./Core/Src/kalman_filter.o
LOAD ./Core/Src/main.o
LOAD ./Core/Src/mpu6500.o
LOAD ./Core/Src/stm32f4xx_hal_msp.o
LOAD ./Core/Src/stm32f4xx_hal_timebase_tim.o
LOAD ./Core/Src/stm32f4xx_it.o
LOAD ./Core/Src/syscalls.o
LOAD ./Core/Src/sysmem.o
LOAD ./Core/Src/system_stm32f4xx.o
LOAD ./Core/Startup/startup_stm32f407vgtx.o
LOAD ./Drivers/STM32F4xx_HAL_Driver/Src/stm32f4xx_hal.o
LOAD ./Drivers/STM32F4xx_HAL_Driver/Src/stm32f4xx_hal_cortex.o
LOAD ./Drivers/STM32F4xx_HAL_Driver/Src/stm32f4xx_hal_dma.o
LOAD ./Drivers/STM32F4xx_HAL_Driver/Src/stm32f4xx_hal_dma_ex.o
LOAD ./Drivers/STM32F4xx_HAL_Driver/Src/stm32f4xx_hal_exti.o
LOAD ./Drivers/STM32F4xx_HAL_Driver/Src/stm32f4xx_hal_flash.o
LOAD ./Drivers/STM32F4xx_HAL_Driver/Src/stm32f4xx_hal_flash_ex.o
LOAD ./Drivers/STM32F4xx_HAL_Driver/Src/stm32f4xx_hal_flash_ramfunc.o
LOAD ./Drivers/STM32F4xx_HAL_Driver/Src/stm32f4xx_hal_gpio.o
LOAD ./Drivers/STM32F4xx_HAL_Driver/Src/stm32f4xx_hal_i2c.o
LOAD ./Drivers/STM32F4xx_HAL_Driver/Src/stm32f4xx_hal_i2c_ex.o
LOAD ./Drivers/STM32F4xx_HAL_Driver/Src/stm32f4xx_hal_pwr.o
LOAD ./Drivers/STM32F4xx_HAL_Driver/Src/stm32f4xx_hal_pwr_ex.o
LOAD ./Drivers/STM32F4xx_HAL_Driver/Src/stm32f4xx_hal_rcc.o
LOAD ./Drivers/STM32F4xx_HAL_Driver/Src/stm32f4xx_hal_rcc_ex.o
LOAD ./Drivers/STM32F4xx_HAL_Driver/Src/stm32f4xx_hal_tim.o
LOAD ./Drivers/STM32F4xx_HAL_Driver/Src/stm32f4xx_hal_tim_ex.o
LOAD ./Middlewares/Third_Party/FreeRTOS/Source/CMSIS_RTOS_V2/cmsis_os2.o
LOAD ./Middlewares/Third_Party/FreeRTOS/Source/croutine.o
LOAD ./Middlewares/Third_Party/FreeRTOS/Source/event_groups.o
LOAD ./Middlewares/Third_Party/FreeRTOS/Source/list.o
LOAD ./Middlewares/Third_Party/FreeRTOS/Source/queue.o
LOAD ./Middlewares/Third_Party/FreeRTOS/Source/stream_buffer.o
LOAD ./Middlewares/Third_Party/FreeRTOS/Source/tasks.o
LOAD ./Middlewares/Third_Party/FreeRTOS/Source/timers.o
LOAD ./Middlewares/Third_Party/FreeRTOS/Source/portable/GCC/ARM_CM4F/port.o
LOAD ./Middlewares/Third_Party/FreeRTOS/Source/portable/MemMang/heap_4.o
START GROUP
LOAD C:/ST/STM32CubeIDE_1.19.0/STM32CubeIDE/plugins/com.st.stm32cube.ide.mcu.externaltools.gnu-tools-for-stm32.13.3.rel1.win32_1.0.0.202411081344/tools/bin/../lib/gcc/arm-none-eabi/13.3.1/../../../../arm-none-eabi/lib/thumb/v7e-m+fp/hard\libc_nano.a
LOAD C:/ST/STM32CubeIDE_1.19.0/STM32CubeIDE/plugins/com.st.stm32cube.ide.mcu.externaltools.gnu-tools-for-stm32.13.3.rel1.win32_1.0.0.202411081344/tools/bin/../lib/gcc/arm-none-eabi/13.3.1/../../../../arm-none-eabi/lib/thumb/v7e-m+fp/hard\libm.a
END GROUP
START GROUP
LOAD C:/ST/STM32CubeIDE_1.19.0/STM32CubeIDE/plugins/com.st.stm32cube.ide.mcu.externaltools.gnu-tools-for-stm32.13.3.rel1.win32_1.0.0.202411081344/tools/bin/../lib/gcc/arm-none-eabi/13.3.1/thumb/v7e-m+fp/hard\libgcc.a
LOAD C:/ST/STM32CubeIDE_1.19.0/STM32CubeIDE/plugins/com.st.stm32cube.ide.mcu.externaltools.gnu-tools-for-stm32.13.3.rel1.win32_1.0.0.202411081344/tools/bin/../lib/gcc/arm-none-eabi/13.3.1/../../../../arm-none-eabi/lib/thumb/v7e-m+fp/hard\libc_nano.a
END GROUP
START GROUP
LOAD C:/ST/STM32CubeIDE_1.19.0/STM32CubeIDE/plugins/com.st.stm32cube.ide.mcu.externaltools.gnu-tools-for-stm32.13.3.rel1.win32_1.0.0.202411081344/tools/bin/../lib/gcc/arm-none-eabi/13.3.1/thumb/v7e-m+fp/hard\libgcc.a
LOAD C:/ST/STM32CubeIDE_1.19.0/STM32CubeIDE/plugins/com.st.stm32cube.ide.mcu.externaltools.gnu-tools-for-stm32.13.3.rel1.win32_1.0.0.202411081344/tools/bin/../lib/gcc/arm-none-eabi/13.3.1/../../../../arm-none-eabi/lib/thumb/v7e-m+fp/hard\libc_nano.a
LOAD C:/ST/STM32CubeIDE_1.19.0/STM32CubeIDE/plugins/com.st.stm32cube.ide.mcu.externaltools.gnu-tools-for-stm32.13.3.rel1.win32_1.0.0.202411081344/tools/bin/../lib/gcc/arm-none-eabi/13.3.1/../../../../arm-none-eabi/lib/thumb/v7e-m+fp/hard\libnosys.a
END GROUP
START GROUP
LOAD C:/ST/STM32CubeIDE_1.19.0/STM32CubeIDE/plugins/com.st.stm32cube.ide.mcu.externaltools.gnu-tools-for-stm32.13.3.rel1.win32_1.0.0.202411081344/tools/bin/../lib/gcc/arm-none-eabi/13.3.1/thumb/v7e-m+fp/hard\libgcc.a
LOAD C:/ST/STM32CubeIDE_1.19.0/STM32CubeIDE/plugins/com.st.stm32cube.ide.mcu.externaltools.gnu-tools-for-stm32.13.3.rel1.win32_1.0.0.202411081344/tools/bin/../lib/gcc/arm-none-eabi/13.3.1/../../../../arm-none-eabi/lib/thumb/v7e-m+fp/hard\libc_nano.a
LOAD C:/ST/STM32CubeIDE_1.19.0/STM32CubeIDE/plugins/com.st.stm32cube.ide.mcu.externaltools.gnu-tools-for-stm32.13.3.rel1.win32_1.0.0.202411081344/tools/bin/../lib/gcc/arm-none-eabi/13.3.1/../../../../arm-none-eabi/lib/thumb/v7e-m+fp/hard\libnosys.a
END GROUP
LOAD C:/ST/STM32CubeIDE_1.19.0/STM32CubeIDE/plugins/com.st.stm32cube.ide.mcu.externaltools.gnu-tools-for-stm32.13.3.rel1.win32_1.0.0.202411081344/tools/bin/../lib/gcc/arm-none-eabi/13.3.1/thumb/v7e-m+fp/hard/crtend.o
LOAD C:/ST/STM32CubeIDE_1.19.0/STM32CubeIDE/plugins/com.st.stm32cube.ide.mcu.externaltools.gnu-tools-for-stm32.13.3.rel1.win32_1.0.0.202411081344/tools/bin/../lib/gcc/arm-none-eabi/13.3.1/thumb/v7e-m+fp/hard/crtn.o
                0x20020000                        _estack = (ORIGIN (RAM) + LENGTH (RAM))
                0x00000200                        _Min_Heap_Size = 0x200
                0x00000400                        _Min_Stack_Size = 0x400

.isr_vector     0x08000000      0x188
                0x08000000                        . = ALIGN (0x4)
 *(.isr_vector)
 .isr_vector    0x08000000      0x188 ./Core/Startup/startup_stm32f407vgtx.o
                0x08000000                g_pfnVectors
                0x08000188                        . = ALIGN (0x4)

.text           0x08000190     0x88c8
                0x08000190                        . = ALIGN (0x4)
 *(.text)
 .text          0x08000190       0x40 C:/ST/STM32CubeIDE_1.19.0/STM32CubeIDE/plugins/com.st.stm32cube.ide.mcu.externaltools.gnu-tools-for-stm32.13.3.rel1.win32_1.0.0.202411081344/tools/bin/../lib/gcc/arm-none-eabi/13.3.1/thumb/v7e-m+fp/hard/crtbegin.o
 .text          0x080001d0      0x378 C:/ST/STM32CubeIDE_1.19.0/STM32CubeIDE/plugins/com.st.stm32cube.ide.mcu.externaltools.gnu-tools-for-stm32.13.3.rel1.win32_1.0.0.202411081344/tools/bin/../lib/gcc/arm-none-eabi/13.3.1/thumb/v7e-m+fp/hard\libgcc.a(_arm_addsubdf3.o)
                0x080001d0                __aeabi_drsub
                0x080001d8                __aeabi_dsub
                0x080001d8                __subdf3
                0x080001dc                __aeabi_dadd
                0x080001dc                __adddf3
                0x08000454                __floatunsidf
                0x08000454                __aeabi_ui2d
                0x08000474                __floatsidf
                0x08000474                __aeabi_i2d
                0x08000498                __aeabi_f2d
                0x08000498                __extendsfdf2
                0x080004dc                __floatundidf
                0x080004dc                __aeabi_ul2d
                0x080004ec                __floatdidf
                0x080004ec                __aeabi_l2d
 .text          0x08000548      0x424 C:/ST/STM32CubeIDE_1.19.0/STM32CubeIDE/plugins/com.st.stm32cube.ide.mcu.externaltools.gnu-tools-for-stm32.13.3.rel1.win32_1.0.0.202411081344/tools/bin/../lib/gcc/arm-none-eabi/13.3.1/thumb/v7e-m+fp/hard\libgcc.a(_arm_muldivdf3.o)
                0x08000548                __aeabi_dmul
                0x08000548                __muldf3
                0x0800079c                __divdf3
                0x0800079c                __aeabi_ddiv
 .text          0x0800096c      0x110 C:/ST/STM32CubeIDE_1.19.0/STM32CubeIDE/plugins/com.st.stm32cube.ide.mcu.externaltools.gnu-tools-for-stm32.13.3.rel1.win32_1.0.0.202411081344/tools/bin/../lib/gcc/arm-none-eabi/13.3.1/thumb/v7e-m+fp/hard\libgcc.a(_arm_cmpdf2.o)
                0x0800096c                __gtdf2
                0x0800096c                __gedf2
                0x08000974                __ltdf2
                0x08000974                __ledf2
                0x0800097c                __nedf2
                0x0800097c                __eqdf2
                0x0800097c                __cmpdf2
                0x080009f8                __aeabi_cdrcmple
                0x08000a08                __aeabi_cdcmpeq
                0x08000a08                __aeabi_cdcmple
                0x08000a18                __aeabi_dcmpeq
                0x08000a2c                __aeabi_dcmplt
                0x08000a40                __aeabi_dcmple
                0x08000a54                __aeabi_dcmpge
                0x08000a68                __aeabi_dcmpgt
 .text          0x08000a7c       0x50 C:/ST/STM32CubeIDE_1.19.0/STM32CubeIDE/plugins/com.st.stm32cube.ide.mcu.externaltools.gnu-tools-for-stm32.13.3.rel1.win32_1.0.0.202411081344/tools/bin/../lib/gcc/arm-none-eabi/13.3.1/thumb/v7e-m+fp/hard\libgcc.a(_arm_fixdfsi.o)
                0x08000a7c                __aeabi_d2iz
                0x08000a7c                __fixdfsi
 .text          0x08000acc       0xa0 C:/ST/STM32CubeIDE_1.19.0/STM32CubeIDE/plugins/com.st.stm32cube.ide.mcu.externaltools.gnu-tools-for-stm32.13.3.rel1.win32_1.0.0.202411081344/tools/bin/../lib/gcc/arm-none-eabi/13.3.1/thumb/v7e-m+fp/hard\libgcc.a(_arm_truncdfsf2.o)
                0x08000acc                __truncdfsf2
                0x08000acc                __aeabi_d2f
 .text          0x08000b6c       0x30 C:/ST/STM32CubeIDE_1.19.0/STM32CubeIDE/plugins/com.st.stm32cube.ide.mcu.externaltools.gnu-tools-for-stm32.13.3.rel1.win32_1.0.0.202411081344/tools/bin/../lib/gcc/arm-none-eabi/13.3.1/thumb/v7e-m+fp/hard\libgcc.a(_aeabi_uldivmod.o)
                0x08000b6c                __aeabi_uldivmod
 .text          0x08000b9c      0x2f8 C:/ST/STM32CubeIDE_1.19.0/STM32CubeIDE/plugins/com.st.stm32cube.ide.mcu.externaltools.gnu-tools-for-stm32.13.3.rel1.win32_1.0.0.202411081344/tools/bin/../lib/gcc/arm-none-eabi/13.3.1/thumb/v7e-m+fp/hard\libgcc.a(_udivmoddi4.o)
                0x08000b9c                __udivmoddi4
 .text          0x08000e94        0x4 C:/ST/STM32CubeIDE_1.19.0/STM32CubeIDE/plugins/com.st.stm32cube.ide.mcu.externaltools.gnu-tools-for-stm32.13.3.rel1.win32_1.0.0.202411081344/tools/bin/../lib/gcc/arm-none-eabi/13.3.1/thumb/v7e-m+fp/hard\libgcc.a(_dvmd_tls.o)
                0x08000e94                __aeabi_idiv0
                0x08000e94                __aeabi_ldiv0
 *(.text*)
 .text.HAL_TIM_PWM_PulseFinishedCallback
                0x08000e98       0x3c ./Core/Src/callbacks.o
                0x08000e98                HAL_TIM_PWM_PulseFinishedCallback
 .text.HAL_GPIO_EXTI_Callback
                0x08000ed4       0x24 ./Core/Src/callbacks.o
                0x08000ed4                HAL_GPIO_EXTI_Callback
 .text.MPU6500_RawReady_Callback
                0x08000ef8       0x4c ./Core/Src/callbacks.o
                0x08000ef8                MPU6500_RawReady_Callback
 .text.kalman_filter_init
                0x08000f44       0x50 ./Core/Src/kalman_filter.o
                0x08000f44                kalman_filter_init
 .text.kalman_filter_get_angle
                0x08000f94      0x1b4 ./Core/Src/kalman_filter.o
                0x08000f94                kalman_filter_get_angle
 .text.main     0x08001148      0x110 ./Core/Src/main.o
                0x08001148                main
 .text.SystemClock_Config
                0x08001258       0xd4 ./Core/Src/main.o
                0x08001258                SystemClock_Config
 .text.MX_I2C1_Init
                0x0800132c       0x5c ./Core/Src/main.o
 .text.MX_TIM4_Init
                0x08001388      0x10c ./Core/Src/main.o
 .text.MX_GPIO_Init
                0x08001494      0x2d0 ./Core/Src/main.o
 .text.map      0x08001764       0x54 ./Core/Src/main.o
                0x08001764                map
 .text.StartDefaultTask
                0x080017b8       0x10 ./Core/Src/main.o
                0x080017b8                StartDefaultTask
 .text.Sensor_Read_Task
                0x080017c8       0x88 ./Core/Src/main.o
                0x080017c8                Sensor_Read_Task
 .text.PWM_Control_Task
                0x08001850      0x19c ./Core/Src/main.o
                0x08001850                PWM_Control_Task
 .text.HAL_TIM_PeriodElapsedCallback
                0x080019ec       0x44 ./Core/Src/main.o
                0x080019ec                HAL_TIM_PeriodElapsedCallback
 .text.Error_Handler
                0x08001a30        0xc ./Core/Src/main.o
                0x08001a30                Error_Handler
 .text.MPU6500_ReadByte
                0x08001a3c       0x48 ./Core/Src/mpu6500.o
                0x08001a3c                MPU6500_ReadByte
 .text.MPU6500_WriteByte
                0x08001a84       0x48 ./Core/Src/mpu6500.o
                0x08001a84                MPU6500_WriteByte
 .text.MPU6500_ReadBurst
                0x08001acc       0x4a ./Core/Src/mpu6500.o
                0x08001acc                MPU6500_ReadBurst
 *fill*         0x08001b16        0x2 
 .text.MPU6500_Read_Accelerometer_Data
                0x08001b18       0x78 ./Core/Src/mpu6500.o
                0x08001b18                MPU6500_Read_Accelerometer_Data
 .text.MPU6500_Accelerometer_Calibration
                0x08001b90       0x7a ./Core/Src/mpu6500.o
                0x08001b90                MPU6500_Accelerometer_Calibration
 *fill*         0x08001c0a        0x2 
 .text.MPU6500_LowPassFilter_Config
                0x08001c0c       0x68 ./Core/Src/mpu6500.o
                0x08001c0c                MPU6500_LowPassFilter_Config
 .text.MPU6500_Interrupt_Config
                0x08001c74       0x5c ./Core/Src/mpu6500.o
                0x08001c74                MPU6500_Interrupt_Config
 .text.MPU6500_Enable_Interrupts
                0x08001cd0       0x54 ./Core/Src/mpu6500.o
                0x08001cd0                MPU6500_Enable_Interrupts
 .text.MPU6500_Disable_Interrupts
                0x08001d24       0x5c ./Core/Src/mpu6500.o
                0x08001d24                MPU6500_Disable_Interrupts
 .text.MPU6500_Read_Interrupt_Status_Reg
                0x08001d80       0x30 ./Core/Src/mpu6500.o
 .text.MPU6500_Read_InterruptEnable_Status_Reg
                0x08001db0       0x30 ./Core/Src/mpu6500.o
 .text.MPU6500_Interrupt_Handle
                0x08001de0       0xac ./Core/Src/mpu6500.o
                0x08001de0                MPU6500_Interrupt_Handle
 .text.MPU6500_Init
                0x08001e8c       0x64 ./Core/Src/mpu6500.o
                0x08001e8c                MPU6500_Init
 .text.MPU6500_MotionDetection_Callback
                0x08001ef0        0xe ./Core/Src/mpu6500.o
                0x08001ef0                MPU6500_MotionDetection_Callback
 .text.MPU6500_I2C_MST_Callback
                0x08001efe        0xe ./Core/Src/mpu6500.o
                0x08001efe                MPU6500_I2C_MST_Callback
 .text.MPU6500_FIFO_OFLOW_Callback
                0x08001f0c        0xe ./Core/Src/mpu6500.o
                0x08001f0c                MPU6500_FIFO_OFLOW_Callback
 *fill*         0x08001f1a        0x2 
 .text.HAL_MspInit
                0x08001f1c       0x58 ./Core/Src/stm32f4xx_hal_msp.o
                0x08001f1c                HAL_MspInit
 .text.HAL_I2C_MspInit
                0x08001f74       0xb0 ./Core/Src/stm32f4xx_hal_msp.o
                0x08001f74                HAL_I2C_MspInit
 .text.HAL_TIM_Base_MspInit
                0x08002024       0x50 ./Core/Src/stm32f4xx_hal_msp.o
                0x08002024                HAL_TIM_Base_MspInit
 .text.HAL_TIM_MspPostInit
                0x08002074       0x74 ./Core/Src/stm32f4xx_hal_msp.o
                0x08002074                HAL_TIM_MspPostInit
 .text.HAL_InitTick
                0x080020e8       0xf8 ./Core/Src/stm32f4xx_hal_timebase_tim.o
                0x080020e8                HAL_InitTick
 .text.NMI_Handler
                0x080021e0        0x8 ./Core/Src/stm32f4xx_it.o
                0x080021e0                NMI_Handler
 .text.HardFault_Handler
                0x080021e8        0x8 ./Core/Src/stm32f4xx_it.o
                0x080021e8                HardFault_Handler
 .text.MemManage_Handler
                0x080021f0        0x8 ./Core/Src/stm32f4xx_it.o
                0x080021f0                MemManage_Handler
 .text.BusFault_Handler
                0x080021f8        0x8 ./Core/Src/stm32f4xx_it.o
                0x080021f8                BusFault_Handler
 .text.UsageFault_Handler
                0x08002200        0x8 ./Core/Src/stm32f4xx_it.o
                0x08002200                UsageFault_Handler
 .text.DebugMon_Handler
                0x08002208        0xe ./Core/Src/stm32f4xx_it.o
                0x08002208                DebugMon_Handler
 .text.EXTI0_IRQHandler
                0x08002216        0xe ./Core/Src/stm32f4xx_it.o
                0x08002216                EXTI0_IRQHandler
 .text.EXTI9_5_IRQHandler
                0x08002224       0x10 ./Core/Src/stm32f4xx_it.o
                0x08002224                EXTI9_5_IRQHandler
 .text.TIM4_IRQHandler
                0x08002234       0x14 ./Core/Src/stm32f4xx_it.o
                0x08002234                TIM4_IRQHandler
 .text.TIM6_DAC_IRQHandler
                0x08002248       0x14 ./Core/Src/stm32f4xx_it.o
                0x08002248                TIM6_DAC_IRQHandler
 .text.SystemInit
                0x0800225c       0x24 ./Core/Src/system_stm32f4xx.o
                0x0800225c                SystemInit
 .text.Reset_Handler
                0x08002280       0x50 ./Core/Startup/startup_stm32f407vgtx.o
                0x08002280                Reset_Handler
 .text.Default_Handler
                0x080022d0        0x2 ./Core/Startup/startup_stm32f407vgtx.o
                0x080022d0                RTC_Alarm_IRQHandler
                0x080022d0                HASH_RNG_IRQHandler
                0x080022d0                EXTI2_IRQHandler
                0x080022d0                TIM8_CC_IRQHandler
                0x080022d0                TIM1_CC_IRQHandler
                0x080022d0                DMA2_Stream5_IRQHandler
                0x080022d0                DMA1_Stream5_IRQHandler
                0x080022d0                PVD_IRQHandler
                0x080022d0                SDIO_IRQHandler
                0x080022d0                TAMP_STAMP_IRQHandler
                0x080022d0                CAN2_RX1_IRQHandler
                0x080022d0                EXTI3_IRQHandler
                0x080022d0                TIM8_TRG_COM_TIM14_IRQHandler
                0x080022d0                TIM1_UP_TIM10_IRQHandler
                0x080022d0                TIM8_UP_TIM13_IRQHandler
                0x080022d0                I2C3_ER_IRQHandler
                0x080022d0                I2C2_EV_IRQHandler
                0x080022d0                DMA1_Stream2_IRQHandler
                0x080022d0                CAN1_RX0_IRQHandler
                0x080022d0                FPU_IRQHandler
                0x080022d0                OTG_HS_WKUP_IRQHandler
                0x080022d0                CAN2_SCE_IRQHandler
                0x080022d0                DMA2_Stream2_IRQHandler
                0x080022d0                SPI1_IRQHandler
                0x080022d0                TIM1_BRK_TIM9_IRQHandler
                0x080022d0                DCMI_IRQHandler
                0x080022d0                CAN2_RX0_IRQHandler
                0x080022d0                DMA2_Stream3_IRQHandler
                0x080022d0                USART6_IRQHandler
                0x080022d0                USART3_IRQHandler
                0x080022d0                CAN1_RX1_IRQHandler
                0x080022d0                UART5_IRQHandler
                0x080022d0                DMA2_Stream0_IRQHandler
                0x080022d0                I2C1_EV_IRQHandler
                0x080022d0                DMA1_Stream6_IRQHandler
                0x080022d0                DMA1_Stream1_IRQHandler
                0x080022d0                UART4_IRQHandler
                0x080022d0                TIM3_IRQHandler
                0x080022d0                RCC_IRQHandler
                0x080022d0                TIM8_BRK_TIM12_IRQHandler
                0x080022d0                Default_Handler
                0x080022d0                EXTI15_10_IRQHandler
                0x080022d0                ADC_IRQHandler
                0x080022d0                DMA1_Stream7_IRQHandler
                0x080022d0                TIM7_IRQHandler
                0x080022d0                CAN2_TX_IRQHandler
                0x080022d0                TIM5_IRQHandler
                0x080022d0                DMA2_Stream7_IRQHandler
                0x080022d0                I2C3_EV_IRQHandler
                0x080022d0                RTC_WKUP_IRQHandler
                0x080022d0                ETH_WKUP_IRQHandler
                0x080022d0                SPI2_IRQHandler
                0x080022d0                OTG_HS_EP1_IN_IRQHandler
                0x080022d0                DMA1_Stream0_IRQHandler
                0x080022d0                CAN1_TX_IRQHandler
                0x080022d0                EXTI4_IRQHandler
                0x080022d0                FSMC_IRQHandler
                0x080022d0                ETH_IRQHandler
                0x080022d0                OTG_HS_EP1_OUT_IRQHandler
                0x080022d0                WWDG_IRQHandler
                0x080022d0                TIM2_IRQHandler
                0x080022d0                OTG_FS_WKUP_IRQHandler
                0x080022d0                TIM1_TRG_COM_TIM11_IRQHandler
                0x080022d0                OTG_HS_IRQHandler
                0x080022d0                EXTI1_IRQHandler
                0x080022d0                USART2_IRQHandler
                0x080022d0                I2C2_ER_IRQHandler
                0x080022d0                DMA2_Stream1_IRQHandler
                0x080022d0                CAN1_SCE_IRQHandler
                0x080022d0                FLASH_IRQHandler
                0x080022d0                DMA2_Stream4_IRQHandler
                0x080022d0                USART1_IRQHandler
                0x080022d0                OTG_FS_IRQHandler
                0x080022d0                SPI3_IRQHandler
                0x080022d0                DMA1_Stream4_IRQHandler
                0x080022d0                I2C1_ER_IRQHandler
                0x080022d0                DMA2_Stream6_IRQHandler
                0x080022d0                DMA1_Stream3_IRQHandler
 *fill*         0x080022d2        0x2 
 .text.HAL_Init
                0x080022d4       0x44 ./Drivers/STM32F4xx_HAL_Driver/Src/stm32f4xx_hal.o
                0x080022d4                HAL_Init
 .text.HAL_IncTick
                0x08002318       0x28 ./Drivers/STM32F4xx_HAL_Driver/Src/stm32f4xx_hal.o
                0x08002318                HAL_IncTick
 .text.HAL_GetTick
                0x08002340       0x18 ./Drivers/STM32F4xx_HAL_Driver/Src/stm32f4xx_hal.o
                0x08002340                HAL_GetTick
 .text.__NVIC_SetPriorityGrouping
                0x08002358       0x48 ./Drivers/STM32F4xx_HAL_Driver/Src/stm32f4xx_hal_cortex.o
 .text.__NVIC_GetPriorityGrouping
                0x080023a0       0x1c ./Drivers/STM32F4xx_HAL_Driver/Src/stm32f4xx_hal_cortex.o
 .text.__NVIC_EnableIRQ
                0x080023bc       0x3c ./Drivers/STM32F4xx_HAL_Driver/Src/stm32f4xx_hal_cortex.o
 .text.__NVIC_SetPriority
                0x080023f8       0x54 ./Drivers/STM32F4xx_HAL_Driver/Src/stm32f4xx_hal_cortex.o
 .text.NVIC_EncodePriority
                0x0800244c       0x66 ./Drivers/STM32F4xx_HAL_Driver/Src/stm32f4xx_hal_cortex.o
 .text.HAL_NVIC_SetPriorityGrouping
                0x080024b2       0x16 ./Drivers/STM32F4xx_HAL_Driver/Src/stm32f4xx_hal_cortex.o
                0x080024b2                HAL_NVIC_SetPriorityGrouping
 .text.HAL_NVIC_SetPriority
                0x080024c8       0x38 ./Drivers/STM32F4xx_HAL_Driver/Src/stm32f4xx_hal_cortex.o
                0x080024c8                HAL_NVIC_SetPriority
 .text.HAL_NVIC_EnableIRQ
                0x08002500       0x1c ./Drivers/STM32F4xx_HAL_Driver/Src/stm32f4xx_hal_cortex.o
                0x08002500                HAL_NVIC_EnableIRQ
 .text.HAL_GPIO_Init
                0x0800251c      0x338 ./Drivers/STM32F4xx_HAL_Driver/Src/stm32f4xx_hal_gpio.o
                0x0800251c                HAL_GPIO_Init
 .text.HAL_GPIO_WritePin
                0x08002854       0x32 ./Drivers/STM32F4xx_HAL_Driver/Src/stm32f4xx_hal_gpio.o
                0x08002854                HAL_GPIO_WritePin
 *fill*         0x08002886        0x2 
 .text.HAL_GPIO_EXTI_IRQHandler
                0x08002888       0x30 ./Drivers/STM32F4xx_HAL_Driver/Src/stm32f4xx_hal_gpio.o
                0x08002888                HAL_GPIO_EXTI_IRQHandler
 .text.HAL_I2C_Init
                0x080028b8      0x288 ./Drivers/STM32F4xx_HAL_Driver/Src/stm32f4xx_hal_i2c.o
                0x080028b8                HAL_I2C_Init
 .text.HAL_I2C_Mem_Write
                0x08002b40      0x1f4 ./Drivers/STM32F4xx_HAL_Driver/Src/stm32f4xx_hal_i2c.o
                0x08002b40                HAL_I2C_Mem_Write
 .text.HAL_I2C_Mem_Read
                0x08002d34      0x464 ./Drivers/STM32F4xx_HAL_Driver/Src/stm32f4xx_hal_i2c.o
                0x08002d34                HAL_I2C_Mem_Read
 .text.I2C_RequestMemoryWrite
                0x08003198      0x12c ./Drivers/STM32F4xx_HAL_Driver/Src/stm32f4xx_hal_i2c.o
 .text.I2C_RequestMemoryRead
                0x080032c4      0x1d0 ./Drivers/STM32F4xx_HAL_Driver/Src/stm32f4xx_hal_i2c.o
 .text.I2C_WaitOnFlagUntilTimeout
                0x08003494       0xf4 ./Drivers/STM32F4xx_HAL_Driver/Src/stm32f4xx_hal_i2c.o
 .text.I2C_WaitOnMasterAddressFlagUntilTimeout
                0x08003588      0x140 ./Drivers/STM32F4xx_HAL_Driver/Src/stm32f4xx_hal_i2c.o
 .text.I2C_WaitOnTXEFlagUntilTimeout
                0x080036c8       0x90 ./Drivers/STM32F4xx_HAL_Driver/Src/stm32f4xx_hal_i2c.o
 .text.I2C_WaitOnBTFFlagUntilTimeout
                0x08003758       0x90 ./Drivers/STM32F4xx_HAL_Driver/Src/stm32f4xx_hal_i2c.o
 .text.I2C_WaitOnRXNEFlagUntilTimeout
                0x080037e8       0xba ./Drivers/STM32F4xx_HAL_Driver/Src/stm32f4xx_hal_i2c.o
 .text.I2C_IsAcknowledgeFailed
                0x080038a2       0x5e ./Drivers/STM32F4xx_HAL_Driver/Src/stm32f4xx_hal_i2c.o
 .text.HAL_RCC_OscConfig
                0x08003900      0x4f0 ./Drivers/STM32F4xx_HAL_Driver/Src/stm32f4xx_hal_rcc.o
                0x08003900                HAL_RCC_OscConfig
 .text.HAL_RCC_ClockConfig
                0x08003df0      0x1cc ./Drivers/STM32F4xx_HAL_Driver/Src/stm32f4xx_hal_rcc.o
                0x08003df0                HAL_RCC_ClockConfig
 .text.HAL_RCC_GetSysClockFreq
                0x08003fbc      0x20c ./Drivers/STM32F4xx_HAL_Driver/Src/stm32f4xx_hal_rcc.o
                0x08003fbc                HAL_RCC_GetSysClockFreq
 .text.HAL_RCC_GetHCLKFreq
                0x080041c8       0x18 ./Drivers/STM32F4xx_HAL_Driver/Src/stm32f4xx_hal_rcc.o
                0x080041c8                HAL_RCC_GetHCLKFreq
 .text.HAL_RCC_GetPCLK1Freq
                0x080041e0       0x28 ./Drivers/STM32F4xx_HAL_Driver/Src/stm32f4xx_hal_rcc.o
                0x080041e0                HAL_RCC_GetPCLK1Freq
 .text.HAL_RCC_GetClockConfig
                0x08004208       0x64 ./Drivers/STM32F4xx_HAL_Driver/Src/stm32f4xx_hal_rcc.o
                0x08004208                HAL_RCC_GetClockConfig
 .text.HAL_TIM_Base_Init
                0x0800426c       0x9e ./Drivers/STM32F4xx_HAL_Driver/Src/stm32f4xx_hal_tim.o
                0x0800426c                HAL_TIM_Base_Init
 *fill*         0x0800430a        0x2 
 .text.HAL_TIM_Base_Start_IT
                0x0800430c       0xe0 ./Drivers/STM32F4xx_HAL_Driver/Src/stm32f4xx_hal_tim.o
                0x0800430c                HAL_TIM_Base_Start_IT
 .text.HAL_TIM_PWM_Init
                0x080043ec       0x9e ./Drivers/STM32F4xx_HAL_Driver/Src/stm32f4xx_hal_tim.o
                0x080043ec                HAL_TIM_PWM_Init
 .text.HAL_TIM_PWM_MspInit
                0x0800448a       0x14 ./Drivers/STM32F4xx_HAL_Driver/Src/stm32f4xx_hal_tim.o
                0x0800448a                HAL_TIM_PWM_MspInit
 *fill*         0x0800449e        0x2 
 .text.HAL_TIM_PWM_Start_IT
                0x080044a0      0x22c ./Drivers/STM32F4xx_HAL_Driver/Src/stm32f4xx_hal_tim.o
                0x080044a0                HAL_TIM_PWM_Start_IT
 .text.HAL_TIM_IRQHandler
                0x080046cc      0x1e0 ./Drivers/STM32F4xx_HAL_Driver/Src/stm32f4xx_hal_tim.o
                0x080046cc                HAL_TIM_IRQHandler
 .text.HAL_TIM_PWM_ConfigChannel
                0x080048ac      0x184 ./Drivers/STM32F4xx_HAL_Driver/Src/stm32f4xx_hal_tim.o
                0x080048ac                HAL_TIM_PWM_ConfigChannel
 .text.HAL_TIM_ConfigClockSource
                0x08004a30      0x18e ./Drivers/STM32F4xx_HAL_Driver/Src/stm32f4xx_hal_tim.o
                0x08004a30                HAL_TIM_ConfigClockSource
 .text.HAL_TIM_OC_DelayElapsedCallback
                0x08004bbe       0x14 ./Drivers/STM32F4xx_HAL_Driver/Src/stm32f4xx_hal_tim.o
                0x08004bbe                HAL_TIM_OC_DelayElapsedCallback
 .text.HAL_TIM_IC_CaptureCallback
                0x08004bd2       0x14 ./Drivers/STM32F4xx_HAL_Driver/Src/stm32f4xx_hal_tim.o
                0x08004bd2                HAL_TIM_IC_CaptureCallback
 .text.HAL_TIM_TriggerCallback
                0x08004be6       0x14 ./Drivers/STM32F4xx_HAL_Driver/Src/stm32f4xx_hal_tim.o
                0x08004be6                HAL_TIM_TriggerCallback
 *fill*         0x08004bfa        0x2 
 .text.TIM_Base_SetConfig
                0x08004bfc      0x14c ./Drivers/STM32F4xx_HAL_Driver/Src/stm32f4xx_hal_tim.o
                0x08004bfc                TIM_Base_SetConfig
 .text.TIM_OC1_SetConfig
                0x08004d48       0xe0 ./Drivers/STM32F4xx_HAL_Driver/Src/stm32f4xx_hal_tim.o
 .text.TIM_OC2_SetConfig
                0x08004e28       0xec ./Drivers/STM32F4xx_HAL_Driver/Src/stm32f4xx_hal_tim.o
                0x08004e28                TIM_OC2_SetConfig
 .text.TIM_OC3_SetConfig
                0x08004f14       0xe8 ./Drivers/STM32F4xx_HAL_Driver/Src/stm32f4xx_hal_tim.o
 .text.TIM_OC4_SetConfig
                0x08004ffc       0xac ./Drivers/STM32F4xx_HAL_Driver/Src/stm32f4xx_hal_tim.o
 .text.TIM_TI1_ConfigInputStage
                0x080050a8       0x5e ./Drivers/STM32F4xx_HAL_Driver/Src/stm32f4xx_hal_tim.o
 .text.TIM_TI2_ConfigInputStage
                0x08005106       0x60 ./Drivers/STM32F4xx_HAL_Driver/Src/stm32f4xx_hal_tim.o
 .text.TIM_ITRx_SetConfig
                0x08005166       0x36 ./Drivers/STM32F4xx_HAL_Driver/Src/stm32f4xx_hal_tim.o
 .text.TIM_ETR_SetConfig
                0x0800519c       0x40 ./Drivers/STM32F4xx_HAL_Driver/Src/stm32f4xx_hal_tim.o
                0x0800519c                TIM_ETR_SetConfig
 .text.TIM_CCxChannelCmd
                0x080051dc       0x4a ./Drivers/STM32F4xx_HAL_Driver/Src/stm32f4xx_hal_tim.o
                0x080051dc                TIM_CCxChannelCmd
 *fill*         0x08005226        0x2 
 .text.HAL_TIMEx_MasterConfigSynchronization
                0x08005228       0xf8 ./Drivers/STM32F4xx_HAL_Driver/Src/stm32f4xx_hal_tim_ex.o
                0x08005228                HAL_TIMEx_MasterConfigSynchronization
 .text.HAL_TIMEx_CommutCallback
                0x08005320       0x14 ./Drivers/STM32F4xx_HAL_Driver/Src/stm32f4xx_hal_tim_ex.o
                0x08005320                HAL_TIMEx_CommutCallback
 .text.HAL_TIMEx_BreakCallback
                0x08005334       0x14 ./Drivers/STM32F4xx_HAL_Driver/Src/stm32f4xx_hal_tim_ex.o
                0x08005334                HAL_TIMEx_BreakCallback
 .text.__NVIC_SetPriority
                0x08005348       0x54 ./Middlewares/Third_Party/FreeRTOS/Source/CMSIS_RTOS_V2/cmsis_os2.o
 .text.SysTick_Handler
                0x0800539c       0x20 ./Middlewares/Third_Party/FreeRTOS/Source/CMSIS_RTOS_V2/cmsis_os2.o
                0x0800539c                SysTick_Handler
 .text.SVC_Setup
                0x080053bc       0x12 ./Middlewares/Third_Party/FreeRTOS/Source/CMSIS_RTOS_V2/cmsis_os2.o
 *fill*         0x080053ce        0x2 
 .text.osKernelInitialize
                0x080053d0       0x48 ./Middlewares/Third_Party/FreeRTOS/Source/CMSIS_RTOS_V2/cmsis_os2.o
                0x080053d0                osKernelInitialize
 .text.osKernelStart
                0x08005418       0x4c ./Middlewares/Third_Party/FreeRTOS/Source/CMSIS_RTOS_V2/cmsis_os2.o
                0x08005418                osKernelStart
 .text.osKernelGetTickCount
                0x08005464       0x2a ./Middlewares/Third_Party/FreeRTOS/Source/CMSIS_RTOS_V2/cmsis_os2.o
                0x08005464                osKernelGetTickCount
 .text.osThreadNew
                0x0800548e      0x124 ./Middlewares/Third_Party/FreeRTOS/Source/CMSIS_RTOS_V2/cmsis_os2.o
                0x0800548e                osThreadNew
 .text.osDelay  0x080055b2       0x36 ./Middlewares/Third_Party/FreeRTOS/Source/CMSIS_RTOS_V2/cmsis_os2.o
                0x080055b2                osDelay
 .text.vApplicationGetIdleTaskMemory
                0x080055e8       0x34 ./Middlewares/Third_Party/FreeRTOS/Source/CMSIS_RTOS_V2/cmsis_os2.o
                0x080055e8                vApplicationGetIdleTaskMemory
 .text.vApplicationGetTimerTaskMemory
                0x0800561c       0x34 ./Middlewares/Third_Party/FreeRTOS/Source/CMSIS_RTOS_V2/cmsis_os2.o
                0x0800561c                vApplicationGetTimerTaskMemory
 .text.vListInitialise
                0x08005650       0x40 ./Middlewares/Third_Party/FreeRTOS/Source/list.o
                0x08005650                vListInitialise
 .text.vListInitialiseItem
                0x08005690       0x1a ./Middlewares/Third_Party/FreeRTOS/Source/list.o
                0x08005690                vListInitialiseItem
 .text.vListInsertEnd
                0x080056aa       0x48 ./Middlewares/Third_Party/FreeRTOS/Source/list.o
                0x080056aa                vListInsertEnd
 .text.vListInsert
                0x080056f2       0x72 ./Middlewares/Third_Party/FreeRTOS/Source/list.o
                0x080056f2                vListInsert
 .text.uxListRemove
                0x08005764       0x54 ./Middlewares/Third_Party/FreeRTOS/Source/list.o
                0x08005764                uxListRemove
 .text.xQueueGenericReset
                0x080057b8       0xd4 ./Middlewares/Third_Party/FreeRTOS/Source/queue.o
                0x080057b8                xQueueGenericReset
 .text.xQueueGenericCreateStatic
                0x0800588c       0xfa ./Middlewares/Third_Party/FreeRTOS/Source/queue.o
                0x0800588c                xQueueGenericCreateStatic
 .text.prvInitialiseNewQueue
                0x08005986       0x46 ./Middlewares/Third_Party/FreeRTOS/Source/queue.o
 .text.xQueueGenericSend
                0x080059cc      0x204 ./Middlewares/Third_Party/FreeRTOS/Source/queue.o
                0x080059cc                xQueueGenericSend
 .text.xQueueGenericSendFromISR
                0x08005bd0      0x13c ./Middlewares/Third_Party/FreeRTOS/Source/queue.o
                0x08005bd0                xQueueGenericSendFromISR
 .text.xQueueReceive
                0x08005d0c      0x1c4 ./Middlewares/Third_Party/FreeRTOS/Source/queue.o
                0x08005d0c                xQueueReceive
 .text.prvCopyDataToQueue
                0x08005ed0       0xd4 ./Middlewares/Third_Party/FreeRTOS/Source/queue.o
 .text.prvCopyDataFromQueue
                0x08005fa4       0x4c ./Middlewares/Third_Party/FreeRTOS/Source/queue.o
 .text.prvUnlockQueue
                0x08005ff0       0xa4 ./Middlewares/Third_Party/FreeRTOS/Source/queue.o
 .text.prvIsQueueEmpty
                0x08006094       0x2c ./Middlewares/Third_Party/FreeRTOS/Source/queue.o
 .text.prvIsQueueFull
                0x080060c0       0x30 ./Middlewares/Third_Party/FreeRTOS/Source/queue.o
 .text.vQueueAddToRegistry
                0x080060f0       0x54 ./Middlewares/Third_Party/FreeRTOS/Source/queue.o
                0x080060f0                vQueueAddToRegistry
 .text.vQueueWaitForMessageRestricted
                0x08006144       0x68 ./Middlewares/Third_Party/FreeRTOS/Source/queue.o
                0x08006144                vQueueWaitForMessageRestricted
 .text.xTaskCreateStatic
                0x080061ac       0xc0 ./Middlewares/Third_Party/FreeRTOS/Source/tasks.o
                0x080061ac                xTaskCreateStatic
 .text.xTaskCreate
                0x0800626c       0x8a ./Middlewares/Third_Party/FreeRTOS/Source/tasks.o
                0x0800626c                xTaskCreate
 *fill*         0x080062f6        0x2 
 .text.prvInitialiseNewTask
                0x080062f8      0x150 ./Middlewares/Third_Party/FreeRTOS/Source/tasks.o
 .text.prvAddNewTaskToReadyList
                0x08006448       0xe0 ./Middlewares/Third_Party/FreeRTOS/Source/tasks.o
 .text.vTaskDelay
                0x08006528       0x6c ./Middlewares/Third_Party/FreeRTOS/Source/tasks.o
                0x08006528                vTaskDelay
 .text.vTaskStartScheduler
                0x08006594       0xe0 ./Middlewares/Third_Party/FreeRTOS/Source/tasks.o
                0x08006594                vTaskStartScheduler
 .text.vTaskSuspendAll
                0x08006674       0x1c ./Middlewares/Third_Party/FreeRTOS/Source/tasks.o
                0x08006674                vTaskSuspendAll
 .text.xTaskResumeAll
                0x08006690      0x13c ./Middlewares/Third_Party/FreeRTOS/Source/tasks.o
                0x08006690                xTaskResumeAll
 .text.xTaskGetTickCount
                0x080067cc       0x20 ./Middlewares/Third_Party/FreeRTOS/Source/tasks.o
                0x080067cc                xTaskGetTickCount
 .text.xTaskGetTickCountFromISR
                0x080067ec       0x24 ./Middlewares/Third_Party/FreeRTOS/Source/tasks.o
                0x080067ec                xTaskGetTickCountFromISR
 .text.xTaskIncrementTick
                0x08006810      0x174 ./Middlewares/Third_Party/FreeRTOS/Source/tasks.o
                0x08006810                xTaskIncrementTick
 .text.vTaskSwitchContext
                0x08006984       0xcc ./Middlewares/Third_Party/FreeRTOS/Source/tasks.o
                0x08006984                vTaskSwitchContext
 .text.vTaskPlaceOnEventList
                0x08006a50       0x4c ./Middlewares/Third_Party/FreeRTOS/Source/tasks.o
                0x08006a50                vTaskPlaceOnEventList
 .text.vTaskPlaceOnEventListRestricted
                0x08006a9c       0x58 ./Middlewares/Third_Party/FreeRTOS/Source/tasks.o
                0x08006a9c                vTaskPlaceOnEventListRestricted
 .text.xTaskRemoveFromEventList
                0x08006af4       0xc8 ./Middlewares/Third_Party/FreeRTOS/Source/tasks.o
                0x08006af4                xTaskRemoveFromEventList
 .text.vTaskInternalSetTimeOutState
                0x08006bbc       0x2c ./Middlewares/Third_Party/FreeRTOS/Source/tasks.o
                0x08006bbc                vTaskInternalSetTimeOutState
 .text.xTaskCheckForTimeOut
                0x08006be8       0xc8 ./Middlewares/Third_Party/FreeRTOS/Source/tasks.o
                0x08006be8                xTaskCheckForTimeOut
 .text.vTaskMissedYield
                0x08006cb0       0x18 ./Middlewares/Third_Party/FreeRTOS/Source/tasks.o
                0x08006cb0                vTaskMissedYield
 .text.prvIdleTask
                0x08006cc8       0x30 ./Middlewares/Third_Party/FreeRTOS/Source/tasks.o
 .text.prvInitialiseTaskLists
                0x08006cf8       0x80 ./Middlewares/Third_Party/FreeRTOS/Source/tasks.o
 .text.prvCheckTasksWaitingTermination
                0x08006d78       0x5c ./Middlewares/Third_Party/FreeRTOS/Source/tasks.o
 .text.prvDeleteTCB
                0x08006dd4       0x6a ./Middlewares/Third_Party/FreeRTOS/Source/tasks.o
 *fill*         0x08006e3e        0x2 
 .text.prvResetNextTaskUnblockTime
                0x08006e40       0x40 ./Middlewares/Third_Party/FreeRTOS/Source/tasks.o
 .text.xTaskGetSchedulerState
                0x08006e80       0x3c ./Middlewares/Third_Party/FreeRTOS/Source/tasks.o
                0x08006e80                xTaskGetSchedulerState
 .text.xTaskPriorityDisinherit
                0x08006ebc       0xe0 ./Middlewares/Third_Party/FreeRTOS/Source/tasks.o
                0x08006ebc                xTaskPriorityDisinherit
 .text.xTaskNotifyWait
                0x08006f9c       0xc0 ./Middlewares/Third_Party/FreeRTOS/Source/tasks.o
                0x08006f9c                xTaskNotifyWait
 .text.xTaskGenericNotify
                0x0800705c      0x184 ./Middlewares/Third_Party/FreeRTOS/Source/tasks.o
                0x0800705c                xTaskGenericNotify
 .text.xTaskGenericNotifyFromISR
                0x080071e0      0x1cc ./Middlewares/Third_Party/FreeRTOS/Source/tasks.o
                0x080071e0                xTaskGenericNotifyFromISR
 .text.prvAddCurrentTaskToDelayedList
                0x080073ac       0xa8 ./Middlewares/Third_Party/FreeRTOS/Source/tasks.o
 .text.xTimerCreateTimerTask
                0x08007454       0x94 ./Middlewares/Third_Party/FreeRTOS/Source/timers.o
                0x08007454                xTimerCreateTimerTask
 .text.xTimerGenericCommand
                0x080074e8       0x9c ./Middlewares/Third_Party/FreeRTOS/Source/timers.o
                0x080074e8                xTimerGenericCommand
 .text.prvProcessExpiredTimer
                0x08007584       0x9c ./Middlewares/Third_Party/FreeRTOS/Source/timers.o
 .text.prvTimerTask
                0x08007620       0x26 ./Middlewares/Third_Party/FreeRTOS/Source/timers.o
 *fill*         0x08007646        0x2 
 .text.prvProcessTimerOrBlockTask
                0x08007648       0x9c ./Middlewares/Third_Party/FreeRTOS/Source/timers.o
 .text.prvGetNextExpireTime
                0x080076e4       0x48 ./Middlewares/Third_Party/FreeRTOS/Source/timers.o
 .text.prvSampleTimeNow
                0x0800772c       0x40 ./Middlewares/Third_Party/FreeRTOS/Source/timers.o
 .text.prvInsertTimerInActiveList
                0x0800776c       0x84 ./Middlewares/Third_Party/FreeRTOS/Source/timers.o
 .text.prvProcessReceivedCommands
                0x080077f0      0x1cc ./Middlewares/Third_Party/FreeRTOS/Source/timers.o
 .text.prvSwitchTimerLists
                0x080079bc       0xcc ./Middlewares/Third_Party/FreeRTOS/Source/timers.o
 .text.prvCheckForValidListAndQueue
                0x08007a88       0x80 ./Middlewares/Third_Party/FreeRTOS/Source/timers.o
 .text.pxPortInitialiseStack
                0x08007b08       0x68 ./Middlewares/Third_Party/FreeRTOS/Source/portable/GCC/ARM_CM4F/port.o
                0x08007b08                pxPortInitialiseStack
 .text.prvTaskExitError
                0x08007b70       0x5c ./Middlewares/Third_Party/FreeRTOS/Source/portable/GCC/ARM_CM4F/port.o
 *fill*         0x08007bcc        0x4 
 .text.SVC_Handler
                0x08007bd0       0x28 ./Middlewares/Third_Party/FreeRTOS/Source/portable/GCC/ARM_CM4F/port.o
                0x08007bd0                SVC_Handler
 .text.prvPortStartFirstTask
                0x08007bf8       0x28 ./Middlewares/Third_Party/FreeRTOS/Source/portable/GCC/ARM_CM4F/port.o
 .text.xPortStartScheduler
                0x08007c20      0x148 ./Middlewares/Third_Party/FreeRTOS/Source/portable/GCC/ARM_CM4F/port.o
                0x08007c20                xPortStartScheduler
 .text.vPortEnterCritical
                0x08007d68       0x64 ./Middlewares/Third_Party/FreeRTOS/Source/portable/GCC/ARM_CM4F/port.o
                0x08007d68                vPortEnterCritical
 .text.vPortExitCritical
                0x08007dcc       0x54 ./Middlewares/Third_Party/FreeRTOS/Source/portable/GCC/ARM_CM4F/port.o
                0x08007dcc                vPortExitCritical
 .text.PendSV_Handler
                0x08007e20       0x68 ./Middlewares/Third_Party/FreeRTOS/Source/portable/GCC/ARM_CM4F/port.o
                0x08007e20                PendSV_Handler
 .text.xPortSysTickHandler
                0x08007e88       0x44 ./Middlewares/Third_Party/FreeRTOS/Source/portable/GCC/ARM_CM4F/port.o
                0x08007e88                xPortSysTickHandler
 .text.vPortSetupTimerInterrupt
                0x08007ecc       0x48 ./Middlewares/Third_Party/FreeRTOS/Source/portable/GCC/ARM_CM4F/port.o
                0x08007ecc                vPortSetupTimerInterrupt
 .text.vPortEnableVFP
                0x08007f14       0x14 ./Middlewares/Third_Party/FreeRTOS/Source/portable/GCC/ARM_CM4F/port.o
 .text.vPortValidateInterruptPriority
                0x08007f28       0x84 ./Middlewares/Third_Party/FreeRTOS/Source/portable/GCC/ARM_CM4F/port.o
                0x08007f28                vPortValidateInterruptPriority
 .text.pvPortMalloc
                0x08007fac      0x19c ./Middlewares/Third_Party/FreeRTOS/Source/portable/MemMang/heap_4.o
                0x08007fac                pvPortMalloc
 .text.vPortFree
                0x08008148       0xc8 ./Middlewares/Third_Party/FreeRTOS/Source/portable/MemMang/heap_4.o
                0x08008148                vPortFree
 .text.prvHeapInit
                0x08008210       0xc4 ./Middlewares/Third_Party/FreeRTOS/Source/portable/MemMang/heap_4.o
 .text.prvInsertBlockIntoFreeList
                0x080082d4       0xb4 ./Middlewares/Third_Party/FreeRTOS/Source/portable/MemMang/heap_4.o
 .text.memset   0x08008388       0x10 C:/ST/STM32CubeIDE_1.19.0/STM32CubeIDE/plugins/com.st.stm32cube.ide.mcu.externaltools.gnu-tools-for-stm32.13.3.rel1.win32_1.0.0.202411081344/tools/bin/../lib/gcc/arm-none-eabi/13.3.1/../../../../arm-none-eabi/lib/thumb/v7e-m+fp/hard\libc_nano.a(libc_a-memset.o)
                0x08008388                memset
 .text._reclaim_reent
                0x08008398       0xbc C:/ST/STM32CubeIDE_1.19.0/STM32CubeIDE/plugins/com.st.stm32cube.ide.mcu.externaltools.gnu-tools-for-stm32.13.3.rel1.win32_1.0.0.202411081344/tools/bin/../lib/gcc/arm-none-eabi/13.3.1/../../../../arm-none-eabi/lib/thumb/v7e-m+fp/hard\libc_nano.a(libc_a-reent.o)
                0x08008398                _reclaim_reent
 .text.__libc_init_array
                0x08008454       0x48 C:/ST/STM32CubeIDE_1.19.0/STM32CubeIDE/plugins/com.st.stm32cube.ide.mcu.externaltools.gnu-tools-for-stm32.13.3.rel1.win32_1.0.0.202411081344/tools/bin/../lib/gcc/arm-none-eabi/13.3.1/../../../../arm-none-eabi/lib/thumb/v7e-m+fp/hard\libc_nano.a(libc_a-init.o)
                0x08008454                __libc_init_array
 .text.__retarget_lock_acquire_recursive
                0x0800849c        0x2 C:/ST/STM32CubeIDE_1.19.0/STM32CubeIDE/plugins/com.st.stm32cube.ide.mcu.externaltools.gnu-tools-for-stm32.13.3.rel1.win32_1.0.0.202411081344/tools/bin/../lib/gcc/arm-none-eabi/13.3.1/../../../../arm-none-eabi/lib/thumb/v7e-m+fp/hard\libc_nano.a(libc_a-lock.o)
                0x0800849c                __retarget_lock_acquire_recursive
 .text.__retarget_lock_release_recursive
                0x0800849e        0x2 C:/ST/STM32CubeIDE_1.19.0/STM32CubeIDE/plugins/com.st.stm32cube.ide.mcu.externaltools.gnu-tools-for-stm32.13.3.rel1.win32_1.0.0.202411081344/tools/bin/../lib/gcc/arm-none-eabi/13.3.1/../../../../arm-none-eabi/lib/thumb/v7e-m+fp/hard\libc_nano.a(libc_a-lock.o)
                0x0800849e                __retarget_lock_release_recursive
 .text.memcpy   0x080084a0       0x1c C:/ST/STM32CubeIDE_1.19.0/STM32CubeIDE/plugins/com.st.stm32cube.ide.mcu.externaltools.gnu-tools-for-stm32.13.3.rel1.win32_1.0.0.202411081344/tools/bin/../lib/gcc/arm-none-eabi/13.3.1/../../../../arm-none-eabi/lib/thumb/v7e-m+fp/hard\libc_nano.a(libc_a-memcpy-stub.o)
                0x080084a0                memcpy
 .text._free_r  0x080084bc       0x94 C:/ST/STM32CubeIDE_1.19.0/STM32CubeIDE/plugins/com.st.stm32cube.ide.mcu.externaltools.gnu-tools-for-stm32.13.3.rel1.win32_1.0.0.202411081344/tools/bin/../lib/gcc/arm-none-eabi/13.3.1/../../../../arm-none-eabi/lib/thumb/v7e-m+fp/hard\libc_nano.a(libc_a-freer.o)
                0x080084bc                _free_r
 .text.__malloc_lock
                0x08008550        0xc C:/ST/STM32CubeIDE_1.19.0/STM32CubeIDE/plugins/com.st.stm32cube.ide.mcu.externaltools.gnu-tools-for-stm32.13.3.rel1.win32_1.0.0.202411081344/tools/bin/../lib/gcc/arm-none-eabi/13.3.1/../../../../arm-none-eabi/lib/thumb/v7e-m+fp/hard\libc_nano.a(libc_a-mlock.o)
                0x08008550                __malloc_lock
 .text.__malloc_unlock
                0x0800855c        0xc C:/ST/STM32CubeIDE_1.19.0/STM32CubeIDE/plugins/com.st.stm32cube.ide.mcu.externaltools.gnu-tools-for-stm32.13.3.rel1.win32_1.0.0.202411081344/tools/bin/../lib/gcc/arm-none-eabi/13.3.1/../../../../arm-none-eabi/lib/thumb/v7e-m+fp/hard\libc_nano.a(libc_a-mlock.o)
                0x0800855c                __malloc_unlock
 .text.atan2    0x08008568        0x4 C:/ST/STM32CubeIDE_1.19.0/STM32CubeIDE/plugins/com.st.stm32cube.ide.mcu.externaltools.gnu-tools-for-stm32.13.3.rel1.win32_1.0.0.202411081344/tools/bin/../lib/gcc/arm-none-eabi/13.3.1/../../../../arm-none-eabi/lib/thumb/v7e-m+fp/hard\libm.a(libm_a-w_atan2.o)
                0x08008568                atan2
 *fill*         0x0800856c        0x4 
 .text.__ieee754_atan2
                0x08008570      0x18c C:/ST/STM32CubeIDE_1.19.0/STM32CubeIDE/plugins/com.st.stm32cube.ide.mcu.externaltools.gnu-tools-for-stm32.13.3.rel1.win32_1.0.0.202411081344/tools/bin/../lib/gcc/arm-none-eabi/13.3.1/../../../../arm-none-eabi/lib/thumb/v7e-m+fp/hard\libm.a(libm_a-e_atan2.o)
                0x08008570                __ieee754_atan2
 *fill*         0x080086fc        0x4 
 .text.atan     0x08008700      0x330 C:/ST/STM32CubeIDE_1.19.0/STM32CubeIDE/plugins/com.st.stm32cube.ide.mcu.externaltools.gnu-tools-for-stm32.13.3.rel1.win32_1.0.0.202411081344/tools/bin/../lib/gcc/arm-none-eabi/13.3.1/../../../../arm-none-eabi/lib/thumb/v7e-m+fp/hard\libm.a(libm_a-s_atan.o)
                0x08008700                atan
 .text.fabs     0x08008a30       0x10 C:/ST/STM32CubeIDE_1.19.0/STM32CubeIDE/plugins/com.st.stm32cube.ide.mcu.externaltools.gnu-tools-for-stm32.13.3.rel1.win32_1.0.0.202411081344/tools/bin/../lib/gcc/arm-none-eabi/13.3.1/../../../../arm-none-eabi/lib/thumb/v7e-m+fp/hard\libm.a(libm_a-s_fabs.o)
                0x08008a30                fabs
 *(.glue_7)
 .glue_7        0x08008a40        0x0 linker stubs
 *(.glue_7t)
 .glue_7t       0x08008a40        0x0 linker stubs
 *(.eh_frame)
 .eh_frame      0x08008a40        0x0 C:/ST/STM32CubeIDE_1.19.0/STM32CubeIDE/plugins/com.st.stm32cube.ide.mcu.externaltools.gnu-tools-for-stm32.13.3.rel1.win32_1.0.0.202411081344/tools/bin/../lib/gcc/arm-none-eabi/13.3.1/thumb/v7e-m+fp/hard/crtbegin.o
 *(.init)
 .init          0x08008a40        0x4 C:/ST/STM32CubeIDE_1.19.0/STM32CubeIDE/plugins/com.st.stm32cube.ide.mcu.externaltools.gnu-tools-for-stm32.13.3.rel1.win32_1.0.0.202411081344/tools/bin/../lib/gcc/arm-none-eabi/13.3.1/thumb/v7e-m+fp/hard/crti.o
                0x08008a40                _init
 .init          0x08008a44        0x8 C:/ST/STM32CubeIDE_1.19.0/STM32CubeIDE/plugins/com.st.stm32cube.ide.mcu.externaltools.gnu-tools-for-stm32.13.3.rel1.win32_1.0.0.202411081344/tools/bin/../lib/gcc/arm-none-eabi/13.3.1/thumb/v7e-m+fp/hard/crtn.o
 *(.fini)
 .fini          0x08008a4c        0x4 C:/ST/STM32CubeIDE_1.19.0/STM32CubeIDE/plugins/com.st.stm32cube.ide.mcu.externaltools.gnu-tools-for-stm32.13.3.rel1.win32_1.0.0.202411081344/tools/bin/../lib/gcc/arm-none-eabi/13.3.1/thumb/v7e-m+fp/hard/crti.o
                0x08008a4c                _fini
 .fini          0x08008a50        0x8 C:/ST/STM32CubeIDE_1.19.0/STM32CubeIDE/plugins/com.st.stm32cube.ide.mcu.externaltools.gnu-tools-for-stm32.13.3.rel1.win32_1.0.0.202411081344/tools/bin/../lib/gcc/arm-none-eabi/13.3.1/thumb/v7e-m+fp/hard/crtn.o
                0x08008a58                        . = ALIGN (0x4)
                0x08008a58                        _etext = .

.vfp11_veneer   0x08008a58        0x0
 .vfp11_veneer  0x08008a58        0x0 linker stubs

.v4_bx          0x08008a58        0x0
 .v4_bx         0x08008a58        0x0 linker stubs

.iplt           0x08008a58        0x0
 .iplt          0x08008a58        0x0 C:/ST/STM32CubeIDE_1.19.0/STM32CubeIDE/plugins/com.st.stm32cube.ide.mcu.externaltools.gnu-tools-for-stm32.13.3.rel1.win32_1.0.0.202411081344/tools/bin/../lib/gcc/arm-none-eabi/13.3.1/thumb/v7e-m+fp/hard/crtbegin.o

.rodata         0x08008a58      0x138
                0x08008a58                        . = ALIGN (0x4)
 *(.rodata)
 .rodata        0x08008a58       0x24 ./Core/Src/main.o
 .rodata        0x08008a7c        0x5 ./Middlewares/Third_Party/FreeRTOS/Source/tasks.o
 *fill*         0x08008a81        0x3 
 .rodata        0x08008a84        0xd ./Middlewares/Third_Party/FreeRTOS/Source/timers.o
 *(.rodata*)
 *fill*         0x08008a91        0x3 
 .rodata.defaultTask_attributes
                0x08008a94       0x24 ./Core/Src/main.o
                0x08008a94                defaultTask_attributes
 .rodata.Sensor_Read_attributes
                0x08008ab8       0x24 ./Core/Src/main.o
                0x08008ab8                Sensor_Read_attributes
 .rodata.PWM_Control_attributes
                0x08008adc       0x24 ./Core/Src/main.o
                0x08008adc                PWM_Control_attributes
 .rodata.g_error_data
                0x08008b00        0x6 ./Core/Src/main.o
                0x08008b00                g_error_data
 *fill*         0x08008b06        0x2 
 .rodata.AHBPrescTable
                0x08008b08       0x10 ./Core/Src/system_stm32f4xx.o
                0x08008b08                AHBPrescTable
 .rodata.APBPrescTable
                0x08008b18        0x8 ./Core/Src/system_stm32f4xx.o
                0x08008b18                APBPrescTable
 .rodata.CSWTCH.9
                0x08008b20       0x18 C:/ST/STM32CubeIDE_1.19.0/STM32CubeIDE/plugins/com.st.stm32cube.ide.mcu.externaltools.gnu-tools-for-stm32.13.3.rel1.win32_1.0.0.202411081344/tools/bin/../lib/gcc/arm-none-eabi/13.3.1/../../../../arm-none-eabi/lib/thumb/v7e-m+fp/hard\libm.a(libm_a-e_atan2.o)
 .rodata.CSWTCH.8
                0x08008b38       0x18 C:/ST/STM32CubeIDE_1.19.0/STM32CubeIDE/plugins/com.st.stm32cube.ide.mcu.externaltools.gnu-tools-for-stm32.13.3.rel1.win32_1.0.0.202411081344/tools/bin/../lib/gcc/arm-none-eabi/13.3.1/../../../../arm-none-eabi/lib/thumb/v7e-m+fp/hard\libm.a(libm_a-e_atan2.o)
 .rodata.atanlo
                0x08008b50       0x20 C:/ST/STM32CubeIDE_1.19.0/STM32CubeIDE/plugins/com.st.stm32cube.ide.mcu.externaltools.gnu-tools-for-stm32.13.3.rel1.win32_1.0.0.202411081344/tools/bin/../lib/gcc/arm-none-eabi/13.3.1/../../../../arm-none-eabi/lib/thumb/v7e-m+fp/hard\libm.a(libm_a-s_atan.o)
 .rodata.atanhi
                0x08008b70       0x20 C:/ST/STM32CubeIDE_1.19.0/STM32CubeIDE/plugins/com.st.stm32cube.ide.mcu.externaltools.gnu-tools-for-stm32.13.3.rel1.win32_1.0.0.202411081344/tools/bin/../lib/gcc/arm-none-eabi/13.3.1/../../../../arm-none-eabi/lib/thumb/v7e-m+fp/hard\libm.a(libm_a-s_atan.o)
                0x08008b90                        . = ALIGN (0x4)

.ARM.extab      0x08008b90        0x0
                0x08008b90                        . = ALIGN (0x4)
 *(.ARM.extab* .gnu.linkonce.armextab.*)
                0x08008b90                        . = ALIGN (0x4)

.ARM            0x08008b90        0x8
                0x08008b90                        . = ALIGN (0x4)
                0x08008b90                        __exidx_start = .
 *(.ARM.exidx*)
 .ARM.exidx     0x08008b90        0x8 C:/ST/STM32CubeIDE_1.19.0/STM32CubeIDE/plugins/com.st.stm32cube.ide.mcu.externaltools.gnu-tools-for-stm32.13.3.rel1.win32_1.0.0.202411081344/tools/bin/../lib/gcc/arm-none-eabi/13.3.1/thumb/v7e-m+fp/hard\libgcc.a(_udivmoddi4.o)
                0x08008b98                        __exidx_end = .
                0x08008b98                        . = ALIGN (0x4)

.preinit_array  0x08008b98        0x0
                0x08008b98                        . = ALIGN (0x4)
                0x08008b98                        PROVIDE (__preinit_array_start = .)
 *(.preinit_array*)
                0x08008b98                        PROVIDE (__preinit_array_end = .)
                0x08008b98                        . = ALIGN (0x4)

.init_array     0x08008b98        0x4
                0x08008b98                        . = ALIGN (0x4)
                0x08008b98                        PROVIDE (__init_array_start = .)
 *(SORT_BY_NAME(.init_array.*))
 *(.init_array*)
 .init_array    0x08008b98        0x4 C:/ST/STM32CubeIDE_1.19.0/STM32CubeIDE/plugins/com.st.stm32cube.ide.mcu.externaltools.gnu-tools-for-stm32.13.3.rel1.win32_1.0.0.202411081344/tools/bin/../lib/gcc/arm-none-eabi/13.3.1/thumb/v7e-m+fp/hard/crtbegin.o
                0x08008b9c                        PROVIDE (__init_array_end = .)
                0x08008b9c                        . = ALIGN (0x4)

.fini_array     0x08008b9c        0x4
                0x08008b9c                        . = ALIGN (0x4)
                [!provide]                        PROVIDE (__fini_array_start = .)
 *(SORT_BY_NAME(.fini_array.*))
 *(.fini_array*)
 .fini_array    0x08008b9c        0x4 C:/ST/STM32CubeIDE_1.19.0/STM32CubeIDE/plugins/com.st.stm32cube.ide.mcu.externaltools.gnu-tools-for-stm32.13.3.rel1.win32_1.0.0.202411081344/tools/bin/../lib/gcc/arm-none-eabi/13.3.1/thumb/v7e-m+fp/hard/crtbegin.o
                [!provide]                        PROVIDE (__fini_array_end = .)
                0x08008ba0                        . = ALIGN (0x4)
                0x08008ba0                        _sidata = LOADADDR (.data)

.rel.dyn        0x08008ba0        0x0
 .rel.iplt      0x08008ba0        0x0 C:/ST/STM32CubeIDE_1.19.0/STM32CubeIDE/plugins/com.st.stm32cube.ide.mcu.externaltools.gnu-tools-for-stm32.13.3.rel1.win32_1.0.0.202411081344/tools/bin/../lib/gcc/arm-none-eabi/13.3.1/thumb/v7e-m+fp/hard/crtbegin.o

.data           0x20000000       0x68 load address 0x08008ba0
                0x20000000                        . = ALIGN (0x4)
                0x20000000                        _sdata = .
 *(.data)
 *(.data*)
 .data.g_counter_2_state
                0x20000000        0x4 ./Core/Src/main.o
                0x20000000                g_counter_2_state
 .data.g_counter_3_state
                0x20000004        0x4 ./Core/Src/main.o
                0x20000004                g_counter_3_state
 .data.SystemCoreClock
                0x20000008        0x4 ./Core/Src/system_stm32f4xx.o
                0x20000008                SystemCoreClock
 .data.uwTickPrio
                0x2000000c        0x4 ./Drivers/STM32F4xx_HAL_Driver/Src/stm32f4xx_hal.o
                0x2000000c                uwTickPrio
 .data.uwTickFreq
                0x20000010        0x1 ./Drivers/STM32F4xx_HAL_Driver/Src/stm32f4xx_hal.o
                0x20000010                uwTickFreq
 *fill*         0x20000011        0x3 
 .data.uxCriticalNesting
                0x20000014        0x4 ./Middlewares/Third_Party/FreeRTOS/Source/portable/GCC/ARM_CM4F/port.o
 .data._impure_ptr
                0x20000018        0x4 C:/ST/STM32CubeIDE_1.19.0/STM32CubeIDE/plugins/com.st.stm32cube.ide.mcu.externaltools.gnu-tools-for-stm32.13.3.rel1.win32_1.0.0.202411081344/tools/bin/../lib/gcc/arm-none-eabi/13.3.1/../../../../arm-none-eabi/lib/thumb/v7e-m+fp/hard\libc_nano.a(libc_a-impure.o)
                0x20000018                _impure_ptr
 .data._impure_data
                0x2000001c       0x4c C:/ST/STM32CubeIDE_1.19.0/STM32CubeIDE/plugins/com.st.stm32cube.ide.mcu.externaltools.gnu-tools-for-stm32.13.3.rel1.win32_1.0.0.202411081344/tools/bin/../lib/gcc/arm-none-eabi/13.3.1/../../../../arm-none-eabi/lib/thumb/v7e-m+fp/hard\libc_nano.a(libc_a-impure.o)
                0x2000001c                _impure_data
 *(.RamFunc)
 *(.RamFunc*)
                0x20000068                        . = ALIGN (0x4)
                0x20000068                        _edata = .
                0x08008c08                        _siccmram = LOADADDR (.ccmram)

.igot.plt       0x20000068        0x0 load address 0x08008c08
 .igot.plt      0x20000068        0x0 C:/ST/STM32CubeIDE_1.19.0/STM32CubeIDE/plugins/com.st.stm32cube.ide.mcu.externaltools.gnu-tools-for-stm32.13.3.rel1.win32_1.0.0.202411081344/tools/bin/../lib/gcc/arm-none-eabi/13.3.1/thumb/v7e-m+fp/hard/crtbegin.o

.ccmram         0x10000000        0x0 load address 0x08008c08
                0x10000000                        . = ALIGN (0x4)
                0x10000000                        _sccmram = .
 *(.ccmram)
 *(.ccmram*)
                0x10000000                        . = ALIGN (0x4)
                0x10000000                        _eccmram = .
                0x10000000                        . = ALIGN (0x4)

.bss            0x20000068     0x4c40
                0x20000068                        _sbss = .
                0x20000068                        __bss_start__ = _sbss
 *(.bss)
 .bss           0x20000068       0x1c C:/ST/STM32CubeIDE_1.19.0/STM32CubeIDE/plugins/com.st.stm32cube.ide.mcu.externaltools.gnu-tools-for-stm32.13.3.rel1.win32_1.0.0.202411081344/tools/bin/../lib/gcc/arm-none-eabi/13.3.1/thumb/v7e-m+fp/hard/crtbegin.o
 *(.bss*)
 .bss.hi2c1     0x20000084       0x54 ./Core/Src/main.o
                0x20000084                hi2c1
 .bss.htim4     0x200000d8       0x48 ./Core/Src/main.o
                0x200000d8                htim4
 .bss.defaultTaskHandle
                0x20000120        0x4 ./Core/Src/main.o
                0x20000120                defaultTaskHandle
 .bss.Sensor_ReadHandle
                0x20000124        0x4 ./Core/Src/main.o
                0x20000124                Sensor_ReadHandle
 .bss.PWM_ControlHandle
                0x20000128        0x4 ./Core/Src/main.o
                0x20000128                PWM_ControlHandle
 .bss.g_counter
                0x2000012c        0x4 ./Core/Src/main.o
                0x2000012c                g_counter
 .bss.MPU6500_Addr
                0x20000130        0x1 ./Core/Src/mpu6500.o
 *fill*         0x20000131        0x3 
 .bss.htim6     0x20000134       0x48 ./Core/Src/stm32f4xx_hal_timebase_tim.o
                0x20000134                htim6
 .bss.uwTick    0x2000017c        0x4 ./Drivers/STM32F4xx_HAL_Driver/Src/stm32f4xx_hal.o
                0x2000017c                uwTick
 .bss.KernelState
                0x20000180        0x4 ./Middlewares/Third_Party/FreeRTOS/Source/CMSIS_RTOS_V2/cmsis_os2.o
 .bss.Idle_TCB.3
                0x20000184       0xa8 ./Middlewares/Third_Party/FreeRTOS/Source/CMSIS_RTOS_V2/cmsis_os2.o
 .bss.Idle_Stack.2
                0x2000022c      0x200 ./Middlewares/Third_Party/FreeRTOS/Source/CMSIS_RTOS_V2/cmsis_os2.o
 .bss.Timer_TCB.1
                0x2000042c       0xa8 ./Middlewares/Third_Party/FreeRTOS/Source/CMSIS_RTOS_V2/cmsis_os2.o
 .bss.Timer_Stack.0
                0x200004d4      0x400 ./Middlewares/Third_Party/FreeRTOS/Source/CMSIS_RTOS_V2/cmsis_os2.o
 .bss.xQueueRegistry
                0x200008d4       0x40 ./Middlewares/Third_Party/FreeRTOS/Source/queue.o
                0x200008d4                xQueueRegistry
 .bss.pxCurrentTCB
                0x20000914        0x4 ./Middlewares/Third_Party/FreeRTOS/Source/tasks.o
                0x20000914                pxCurrentTCB
 .bss.pxReadyTasksLists
                0x20000918      0x460 ./Middlewares/Third_Party/FreeRTOS/Source/tasks.o
 .bss.xDelayedTaskList1
                0x20000d78       0x14 ./Middlewares/Third_Party/FreeRTOS/Source/tasks.o
 .bss.xDelayedTaskList2
                0x20000d8c       0x14 ./Middlewares/Third_Party/FreeRTOS/Source/tasks.o
 .bss.pxDelayedTaskList
                0x20000da0        0x4 ./Middlewares/Third_Party/FreeRTOS/Source/tasks.o
 .bss.pxOverflowDelayedTaskList
                0x20000da4        0x4 ./Middlewares/Third_Party/FreeRTOS/Source/tasks.o
 .bss.xPendingReadyList
                0x20000da8       0x14 ./Middlewares/Third_Party/FreeRTOS/Source/tasks.o
 .bss.xTasksWaitingTermination
                0x20000dbc       0x14 ./Middlewares/Third_Party/FreeRTOS/Source/tasks.o
 .bss.uxDeletedTasksWaitingCleanUp
                0x20000dd0        0x4 ./Middlewares/Third_Party/FreeRTOS/Source/tasks.o
 .bss.xSuspendedTaskList
                0x20000dd4       0x14 ./Middlewares/Third_Party/FreeRTOS/Source/tasks.o
 .bss.uxCurrentNumberOfTasks
                0x20000de8        0x4 ./Middlewares/Third_Party/FreeRTOS/Source/tasks.o
 .bss.xTickCount
                0x20000dec        0x4 ./Middlewares/Third_Party/FreeRTOS/Source/tasks.o
 .bss.uxTopReadyPriority
                0x20000df0        0x4 ./Middlewares/Third_Party/FreeRTOS/Source/tasks.o
 .bss.xSchedulerRunning
                0x20000df4        0x4 ./Middlewares/Third_Party/FreeRTOS/Source/tasks.o
 .bss.xPendedTicks
                0x20000df8        0x4 ./Middlewares/Third_Party/FreeRTOS/Source/tasks.o
 .bss.xYieldPending
                0x20000dfc        0x4 ./Middlewares/Third_Party/FreeRTOS/Source/tasks.o
 .bss.xNumOfOverflows
                0x20000e00        0x4 ./Middlewares/Third_Party/FreeRTOS/Source/tasks.o
 .bss.uxTaskNumber
                0x20000e04        0x4 ./Middlewares/Third_Party/FreeRTOS/Source/tasks.o
 .bss.xNextTaskUnblockTime
                0x20000e08        0x4 ./Middlewares/Third_Party/FreeRTOS/Source/tasks.o
 .bss.xIdleTaskHandle
                0x20000e0c        0x4 ./Middlewares/Third_Party/FreeRTOS/Source/tasks.o
 .bss.uxSchedulerSuspended
                0x20000e10        0x4 ./Middlewares/Third_Party/FreeRTOS/Source/tasks.o
 .bss.xActiveTimerList1
                0x20000e14       0x14 ./Middlewares/Third_Party/FreeRTOS/Source/timers.o
 .bss.xActiveTimerList2
                0x20000e28       0x14 ./Middlewares/Third_Party/FreeRTOS/Source/timers.o
 .bss.pxCurrentTimerList
                0x20000e3c        0x4 ./Middlewares/Third_Party/FreeRTOS/Source/timers.o
 .bss.pxOverflowTimerList
                0x20000e40        0x4 ./Middlewares/Third_Party/FreeRTOS/Source/timers.o
 .bss.xTimerQueue
                0x20000e44        0x4 ./Middlewares/Third_Party/FreeRTOS/Source/timers.o
 .bss.xTimerTaskHandle
                0x20000e48        0x4 ./Middlewares/Third_Party/FreeRTOS/Source/timers.o
 .bss.xLastTime.2
                0x20000e4c        0x4 ./Middlewares/Third_Party/FreeRTOS/Source/timers.o
 .bss.ucStaticTimerQueueStorage.1
                0x20000e50       0xa0 ./Middlewares/Third_Party/FreeRTOS/Source/timers.o
 .bss.xStaticTimerQueue.0
                0x20000ef0       0x50 ./Middlewares/Third_Party/FreeRTOS/Source/timers.o
 .bss.ucMaxSysCallPriority
                0x20000f40        0x1 ./Middlewares/Third_Party/FreeRTOS/Source/portable/GCC/ARM_CM4F/port.o
 *fill*         0x20000f41        0x3 
 .bss.ulMaxPRIGROUPValue
                0x20000f44        0x4 ./Middlewares/Third_Party/FreeRTOS/Source/portable/GCC/ARM_CM4F/port.o
 .bss.ucHeap    0x20000f48     0x3c00 ./Middlewares/Third_Party/FreeRTOS/Source/portable/MemMang/heap_4.o
 .bss.xStart    0x20004b48        0x8 ./Middlewares/Third_Party/FreeRTOS/Source/portable/MemMang/heap_4.o
 .bss.pxEnd     0x20004b50        0x4 ./Middlewares/Third_Party/FreeRTOS/Source/portable/MemMang/heap_4.o
 .bss.xFreeBytesRemaining
                0x20004b54        0x4 ./Middlewares/Third_Party/FreeRTOS/Source/portable/MemMang/heap_4.o
 .bss.xMinimumEverFreeBytesRemaining
                0x20004b58        0x4 ./Middlewares/Third_Party/FreeRTOS/Source/portable/MemMang/heap_4.o
 .bss.xNumberOfSuccessfulAllocations
                0x20004b5c        0x4 ./Middlewares/Third_Party/FreeRTOS/Source/portable/MemMang/heap_4.o
 .bss.xNumberOfSuccessfulFrees
                0x20004b60        0x4 ./Middlewares/Third_Party/FreeRTOS/Source/portable/MemMang/heap_4.o
 .bss.xBlockAllocatedBit
                0x20004b64        0x4 ./Middlewares/Third_Party/FreeRTOS/Source/portable/MemMang/heap_4.o
 .bss.__sf      0x20004b68      0x138 C:/ST/STM32CubeIDE_1.19.0/STM32CubeIDE/plugins/com.st.stm32cube.ide.mcu.externaltools.gnu-tools-for-stm32.13.3.rel1.win32_1.0.0.202411081344/tools/bin/../lib/gcc/arm-none-eabi/13.3.1/../../../../arm-none-eabi/lib/thumb/v7e-m+fp/hard\libc_nano.a(libc_a-findfp.o)
                0x20004b68                __sf
 .bss.__lock___malloc_recursive_mutex
                0x20004ca0        0x1 C:/ST/STM32CubeIDE_1.19.0/STM32CubeIDE/plugins/com.st.stm32cube.ide.mcu.externaltools.gnu-tools-for-stm32.13.3.rel1.win32_1.0.0.202411081344/tools/bin/../lib/gcc/arm-none-eabi/13.3.1/../../../../arm-none-eabi/lib/thumb/v7e-m+fp/hard\libc_nano.a(libc_a-lock.o)
                0x20004ca0                __lock___malloc_recursive_mutex
 *fill*         0x20004ca1        0x3 
 .bss.__malloc_free_list
                0x20004ca4        0x4 C:/ST/STM32CubeIDE_1.19.0/STM32CubeIDE/plugins/com.st.stm32cube.ide.mcu.externaltools.gnu-tools-for-stm32.13.3.rel1.win32_1.0.0.202411081344/tools/bin/../lib/gcc/arm-none-eabi/13.3.1/../../../../arm-none-eabi/lib/thumb/v7e-m+fp/hard\libc_nano.a(libc_a-mallocr.o)
                0x20004ca4                __malloc_free_list
 *(COMMON)
                0x20004ca8                        . = ALIGN (0x4)
                0x20004ca8                        _ebss = .
                0x20004ca8                        __bss_end__ = _ebss

._user_heap_stack
                0x20004ca8      0x600
                0x20004ca8                        . = ALIGN (0x8)
                [!provide]                        PROVIDE (end = .)
                0x20004ca8                        PROVIDE (_end = .)
                0x20004ea8                        . = (. + _Min_Heap_Size)
 *fill*         0x20004ca8      0x200 
                0x200052a8                        . = (. + _Min_Stack_Size)
 *fill*         0x20004ea8      0x400 
                0x200052a8                        . = ALIGN (0x8)

/DISCARD/
 libc.a(*)
 libm.a(*)
 libgcc.a(*)

.ARM.attributes
                0x00000000       0x30
 *(.ARM.attributes)
 .ARM.attributes
                0x00000000       0x22 C:/ST/STM32CubeIDE_1.19.0/STM32CubeIDE/plugins/com.st.stm32cube.ide.mcu.externaltools.gnu-tools-for-stm32.13.3.rel1.win32_1.0.0.202411081344/tools/bin/../lib/gcc/arm-none-eabi/13.3.1/thumb/v7e-m+fp/hard/crti.o
 .ARM.attributes
                0x00000022       0x34 C:/ST/STM32CubeIDE_1.19.0/STM32CubeIDE/plugins/com.st.stm32cube.ide.mcu.externaltools.gnu-tools-for-stm32.13.3.rel1.win32_1.0.0.202411081344/tools/bin/../lib/gcc/arm-none-eabi/13.3.1/thumb/v7e-m+fp/hard/crtbegin.o
 .ARM.attributes
                0x00000056       0x34 ./Core/Src/callbacks.o
 .ARM.attributes
                0x0000008a       0x34 ./Core/Src/kalman_filter.o
 .ARM.attributes
                0x000000be       0x34 ./Core/Src/main.o
 .ARM.attributes
                0x000000f2       0x34 ./Core/Src/mpu6500.o
 .ARM.attributes
                0x00000126       0x34 ./Core/Src/stm32f4xx_hal_msp.o
 .ARM.attributes
                0x0000015a       0x34 ./Core/Src/stm32f4xx_hal_timebase_tim.o
 .ARM.attributes
                0x0000018e       0x34 ./Core/Src/stm32f4xx_it.o
 .ARM.attributes
                0x000001c2       0x34 ./Core/Src/system_stm32f4xx.o
 .ARM.attributes
                0x000001f6       0x21 ./Core/Startup/startup_stm32f407vgtx.o
 .ARM.attributes
                0x00000217       0x34 ./Drivers/STM32F4xx_HAL_Driver/Src/stm32f4xx_hal.o
 .ARM.attributes
                0x0000024b       0x34 ./Drivers/STM32F4xx_HAL_Driver/Src/stm32f4xx_hal_cortex.o
 .ARM.attributes
                0x0000027f       0x34 ./Drivers/STM32F4xx_HAL_Driver/Src/stm32f4xx_hal_gpio.o
 .ARM.attributes
                0x000002b3       0x34 ./Drivers/STM32F4xx_HAL_Driver/Src/stm32f4xx_hal_i2c.o
 .ARM.attributes
                0x000002e7       0x34 ./Drivers/STM32F4xx_HAL_Driver/Src/stm32f4xx_hal_rcc.o
 .ARM.attributes
                0x0000031b       0x34 ./Drivers/STM32F4xx_HAL_Driver/Src/stm32f4xx_hal_tim.o
 .ARM.attributes
                0x0000034f       0x34 ./Drivers/STM32F4xx_HAL_Driver/Src/stm32f4xx_hal_tim_ex.o
 .ARM.attributes
                0x00000383       0x34 ./Middlewares/Third_Party/FreeRTOS/Source/CMSIS_RTOS_V2/cmsis_os2.o
 .ARM.attributes
                0x000003b7       0x34 ./Middlewares/Third_Party/FreeRTOS/Source/list.o
 .ARM.attributes
                0x000003eb       0x34 ./Middlewares/Third_Party/FreeRTOS/Source/queue.o
 .ARM.attributes
                0x0000041f       0x34 ./Middlewares/Third_Party/FreeRTOS/Source/tasks.o
 .ARM.attributes
                0x00000453       0x34 ./Middlewares/Third_Party/FreeRTOS/Source/timers.o
 .ARM.attributes
                0x00000487       0x34 ./Middlewares/Third_Party/FreeRTOS/Source/portable/GCC/ARM_CM4F/port.o
 .ARM.attributes
                0x000004bb       0x34 ./Middlewares/Third_Party/FreeRTOS/Source/portable/MemMang/heap_4.o
 .ARM.attributes
                0x000004ef       0x34 C:/ST/STM32CubeIDE_1.19.0/STM32CubeIDE/plugins/com.st.stm32cube.ide.mcu.externaltools.gnu-tools-for-stm32.13.3.rel1.win32_1.0.0.202411081344/tools/bin/../lib/gcc/arm-none-eabi/13.3.1/../../../../arm-none-eabi/lib/thumb/v7e-m+fp/hard\libc_nano.a(libc_a-findfp.o)
 .ARM.attributes
                0x00000523       0x34 C:/ST/STM32CubeIDE_1.19.0/STM32CubeIDE/plugins/com.st.stm32cube.ide.mcu.externaltools.gnu-tools-for-stm32.13.3.rel1.win32_1.0.0.202411081344/tools/bin/../lib/gcc/arm-none-eabi/13.3.1/../../../../arm-none-eabi/lib/thumb/v7e-m+fp/hard\libc_nano.a(libc_a-memset.o)
 .ARM.attributes
                0x00000557       0x34 C:/ST/STM32CubeIDE_1.19.0/STM32CubeIDE/plugins/com.st.stm32cube.ide.mcu.externaltools.gnu-tools-for-stm32.13.3.rel1.win32_1.0.0.202411081344/tools/bin/../lib/gcc/arm-none-eabi/13.3.1/../../../../arm-none-eabi/lib/thumb/v7e-m+fp/hard\libc_nano.a(libc_a-reent.o)
 .ARM.attributes
                0x0000058b       0x34 C:/ST/STM32CubeIDE_1.19.0/STM32CubeIDE/plugins/com.st.stm32cube.ide.mcu.externaltools.gnu-tools-for-stm32.13.3.rel1.win32_1.0.0.202411081344/tools/bin/../lib/gcc/arm-none-eabi/13.3.1/../../../../arm-none-eabi/lib/thumb/v7e-m+fp/hard\libc_nano.a(libc_a-impure.o)
 .ARM.attributes
                0x000005bf       0x34 C:/ST/STM32CubeIDE_1.19.0/STM32CubeIDE/plugins/com.st.stm32cube.ide.mcu.externaltools.gnu-tools-for-stm32.13.3.rel1.win32_1.0.0.202411081344/tools/bin/../lib/gcc/arm-none-eabi/13.3.1/../../../../arm-none-eabi/lib/thumb/v7e-m+fp/hard\libc_nano.a(libc_a-init.o)
 .ARM.attributes
                0x000005f3       0x34 C:/ST/STM32CubeIDE_1.19.0/STM32CubeIDE/plugins/com.st.stm32cube.ide.mcu.externaltools.gnu-tools-for-stm32.13.3.rel1.win32_1.0.0.202411081344/tools/bin/../lib/gcc/arm-none-eabi/13.3.1/../../../../arm-none-eabi/lib/thumb/v7e-m+fp/hard\libc_nano.a(libc_a-lock.o)
 .ARM.attributes
                0x00000627       0x34 C:/ST/STM32CubeIDE_1.19.0/STM32CubeIDE/plugins/com.st.stm32cube.ide.mcu.externaltools.gnu-tools-for-stm32.13.3.rel1.win32_1.0.0.202411081344/tools/bin/../lib/gcc/arm-none-eabi/13.3.1/../../../../arm-none-eabi/lib/thumb/v7e-m+fp/hard\libc_nano.a(libc_a-memcpy-stub.o)
 .ARM.attributes
                0x0000065b       0x34 C:/ST/STM32CubeIDE_1.19.0/STM32CubeIDE/plugins/com.st.stm32cube.ide.mcu.externaltools.gnu-tools-for-stm32.13.3.rel1.win32_1.0.0.202411081344/tools/bin/../lib/gcc/arm-none-eabi/13.3.1/../../../../arm-none-eabi/lib/thumb/v7e-m+fp/hard\libc_nano.a(libc_a-freer.o)
 .ARM.attributes
                0x0000068f       0x34 C:/ST/STM32CubeIDE_1.19.0/STM32CubeIDE/plugins/com.st.stm32cube.ide.mcu.externaltools.gnu-tools-for-stm32.13.3.rel1.win32_1.0.0.202411081344/tools/bin/../lib/gcc/arm-none-eabi/13.3.1/../../../../arm-none-eabi/lib/thumb/v7e-m+fp/hard\libc_nano.a(libc_a-mallocr.o)
 .ARM.attributes
                0x000006c3       0x34 C:/ST/STM32CubeIDE_1.19.0/STM32CubeIDE/plugins/com.st.stm32cube.ide.mcu.externaltools.gnu-tools-for-stm32.13.3.rel1.win32_1.0.0.202411081344/tools/bin/../lib/gcc/arm-none-eabi/13.3.1/../../../../arm-none-eabi/lib/thumb/v7e-m+fp/hard\libc_nano.a(libc_a-mlock.o)
 .ARM.attributes
                0x000006f7       0x34 C:/ST/STM32CubeIDE_1.19.0/STM32CubeIDE/plugins/com.st.stm32cube.ide.mcu.externaltools.gnu-tools-for-stm32.13.3.rel1.win32_1.0.0.202411081344/tools/bin/../lib/gcc/arm-none-eabi/13.3.1/../../../../arm-none-eabi/lib/thumb/v7e-m+fp/hard\libm.a(libm_a-w_atan2.o)
 .ARM.attributes
                0x0000072b       0x34 C:/ST/STM32CubeIDE_1.19.0/STM32CubeIDE/plugins/com.st.stm32cube.ide.mcu.externaltools.gnu-tools-for-stm32.13.3.rel1.win32_1.0.0.202411081344/tools/bin/../lib/gcc/arm-none-eabi/13.3.1/../../../../arm-none-eabi/lib/thumb/v7e-m+fp/hard\libm.a(libm_a-e_atan2.o)
 .ARM.attributes
                0x0000075f       0x34 C:/ST/STM32CubeIDE_1.19.0/STM32CubeIDE/plugins/com.st.stm32cube.ide.mcu.externaltools.gnu-tools-for-stm32.13.3.rel1.win32_1.0.0.202411081344/tools/bin/../lib/gcc/arm-none-eabi/13.3.1/../../../../arm-none-eabi/lib/thumb/v7e-m+fp/hard\libm.a(libm_a-s_atan.o)
 .ARM.attributes
                0x00000793       0x34 C:/ST/STM32CubeIDE_1.19.0/STM32CubeIDE/plugins/com.st.stm32cube.ide.mcu.externaltools.gnu-tools-for-stm32.13.3.rel1.win32_1.0.0.202411081344/tools/bin/../lib/gcc/arm-none-eabi/13.3.1/../../../../arm-none-eabi/lib/thumb/v7e-m+fp/hard\libm.a(libm_a-s_fabs.o)
 .ARM.attributes
                0x000007c7       0x22 C:/ST/STM32CubeIDE_1.19.0/STM32CubeIDE/plugins/com.st.stm32cube.ide.mcu.externaltools.gnu-tools-for-stm32.13.3.rel1.win32_1.0.0.202411081344/tools/bin/../lib/gcc/arm-none-eabi/13.3.1/thumb/v7e-m+fp/hard\libgcc.a(_arm_addsubdf3.o)
 .ARM.attributes
                0x000007e9       0x22 C:/ST/STM32CubeIDE_1.19.0/STM32CubeIDE/plugins/com.st.stm32cube.ide.mcu.externaltools.gnu-tools-for-stm32.13.3.rel1.win32_1.0.0.202411081344/tools/bin/../lib/gcc/arm-none-eabi/13.3.1/thumb/v7e-m+fp/hard\libgcc.a(_arm_muldivdf3.o)
 .ARM.attributes
                0x0000080b       0x22 C:/ST/STM32CubeIDE_1.19.0/STM32CubeIDE/plugins/com.st.stm32cube.ide.mcu.externaltools.gnu-tools-for-stm32.13.3.rel1.win32_1.0.0.202411081344/tools/bin/../lib/gcc/arm-none-eabi/13.3.1/thumb/v7e-m+fp/hard\libgcc.a(_arm_cmpdf2.o)
 .ARM.attributes
                0x0000082d       0x22 C:/ST/STM32CubeIDE_1.19.0/STM32CubeIDE/plugins/com.st.stm32cube.ide.mcu.externaltools.gnu-tools-for-stm32.13.3.rel1.win32_1.0.0.202411081344/tools/bin/../lib/gcc/arm-none-eabi/13.3.1/thumb/v7e-m+fp/hard\libgcc.a(_arm_fixdfsi.o)
 .ARM.attributes
                0x0000084f       0x22 C:/ST/STM32CubeIDE_1.19.0/STM32CubeIDE/plugins/com.st.stm32cube.ide.mcu.externaltools.gnu-tools-for-stm32.13.3.rel1.win32_1.0.0.202411081344/tools/bin/../lib/gcc/arm-none-eabi/13.3.1/thumb/v7e-m+fp/hard\libgcc.a(_arm_truncdfsf2.o)
 .ARM.attributes
                0x00000871       0x22 C:/ST/STM32CubeIDE_1.19.0/STM32CubeIDE/plugins/com.st.stm32cube.ide.mcu.externaltools.gnu-tools-for-stm32.13.3.rel1.win32_1.0.0.202411081344/tools/bin/../lib/gcc/arm-none-eabi/13.3.1/thumb/v7e-m+fp/hard\libgcc.a(_aeabi_uldivmod.o)
 .ARM.attributes
                0x00000893       0x34 C:/ST/STM32CubeIDE_1.19.0/STM32CubeIDE/plugins/com.st.stm32cube.ide.mcu.externaltools.gnu-tools-for-stm32.13.3.rel1.win32_1.0.0.202411081344/tools/bin/../lib/gcc/arm-none-eabi/13.3.1/thumb/v7e-m+fp/hard\libgcc.a(_udivmoddi4.o)
 .ARM.attributes
                0x000008c7       0x22 C:/ST/STM32CubeIDE_1.19.0/STM32CubeIDE/plugins/com.st.stm32cube.ide.mcu.externaltools.gnu-tools-for-stm32.13.3.rel1.win32_1.0.0.202411081344/tools/bin/../lib/gcc/arm-none-eabi/13.3.1/thumb/v7e-m+fp/hard\libgcc.a(_dvmd_tls.o)
 .ARM.attributes
                0x000008e9       0x22 C:/ST/STM32CubeIDE_1.19.0/STM32CubeIDE/plugins/com.st.stm32cube.ide.mcu.externaltools.gnu-tools-for-stm32.13.3.rel1.win32_1.0.0.202411081344/tools/bin/../lib/gcc/arm-none-eabi/13.3.1/thumb/v7e-m+fp/hard/crtn.o
OUTPUT(MPU_PWM_LED_Controller.elf elf32-littlearm)
LOAD linker stubs
LOAD C:/ST/STM32CubeIDE_1.19.0/STM32CubeIDE/plugins/com.st.stm32cube.ide.mcu.externaltools.gnu-tools-for-stm32.13.3.rel1.win32_1.0.0.202411081344/tools/bin/../lib/gcc/arm-none-eabi/13.3.1/../../../../arm-none-eabi/lib/thumb/v7e-m+fp/hard\libc.a
LOAD C:/ST/STM32CubeIDE_1.19.0/STM32CubeIDE/plugins/com.st.stm32cube.ide.mcu.externaltools.gnu-tools-for-stm32.13.3.rel1.win32_1.0.0.202411081344/tools/bin/../lib/gcc/arm-none-eabi/13.3.1/../../../../arm-none-eabi/lib/thumb/v7e-m+fp/hard\libm.a
LOAD C:/ST/STM32CubeIDE_1.19.0/STM32CubeIDE/plugins/com.st.stm32cube.ide.mcu.externaltools.gnu-tools-for-stm32.13.3.rel1.win32_1.0.0.202411081344/tools/bin/../lib/gcc/arm-none-eabi/13.3.1/thumb/v7e-m+fp/hard\libgcc.a

.debug_info     0x00000000    0x191a6
 .debug_info    0x00000000      0xa85 ./Core/Src/callbacks.o
 .debug_info    0x00000a85      0x197 ./Core/Src/kalman_filter.o
 .debug_info    0x00000c1c     0x1c95 ./Core/Src/main.o
 .debug_info    0x000028b1      0xb24 ./Core/Src/mpu6500.o
 .debug_info    0x000033d5      0xfbe ./Core/Src/stm32f4xx_hal_msp.o
 .debug_info    0x00004393      0xbee ./Core/Src/stm32f4xx_hal_timebase_tim.o
 .debug_info    0x00004f81      0x70b ./Core/Src/stm32f4xx_it.o
 .debug_info    0x0000568c      0x512 ./Core/Src/system_stm32f4xx.o
 .debug_info    0x00005b9e       0x30 ./Core/Startup/startup_stm32f407vgtx.o
 .debug_info    0x00005bce      0x944 ./Drivers/STM32F4xx_HAL_Driver/Src/stm32f4xx_hal.o
 .debug_info    0x00006512      0xd8c ./Drivers/STM32F4xx_HAL_Driver/Src/stm32f4xx_hal_cortex.o
 .debug_info    0x0000729e      0x6c3 ./Drivers/STM32F4xx_HAL_Driver/Src/stm32f4xx_hal_gpio.o
 .debug_info    0x00007961     0x2415 ./Drivers/STM32F4xx_HAL_Driver/Src/stm32f4xx_hal_i2c.o
 .debug_info    0x00009d76      0x8c3 ./Drivers/STM32F4xx_HAL_Driver/Src/stm32f4xx_hal_rcc.o
 .debug_info    0x0000a639     0x299d ./Drivers/STM32F4xx_HAL_Driver/Src/stm32f4xx_hal_tim.o
 .debug_info    0x0000cfd6     0x14db ./Drivers/STM32F4xx_HAL_Driver/Src/stm32f4xx_hal_tim_ex.o
 .debug_info    0x0000e4b1     0x4109 ./Middlewares/Third_Party/FreeRTOS/Source/CMSIS_RTOS_V2/cmsis_os2.o
 .debug_info    0x000125ba      0x2af ./Middlewares/Third_Party/FreeRTOS/Source/list.o
 .debug_info    0x00012869     0x1b79 ./Middlewares/Third_Party/FreeRTOS/Source/queue.o
 .debug_info    0x000143e2     0x28c1 ./Middlewares/Third_Party/FreeRTOS/Source/tasks.o
 .debug_info    0x00016ca3     0x1b50 ./Middlewares/Third_Party/FreeRTOS/Source/timers.o
 .debug_info    0x000187f3      0x4de ./Middlewares/Third_Party/FreeRTOS/Source/portable/GCC/ARM_CM4F/port.o
 .debug_info    0x00018cd1      0x4d5 ./Middlewares/Third_Party/FreeRTOS/Source/portable/MemMang/heap_4.o

.debug_abbrev   0x00000000     0x3634
 .debug_abbrev  0x00000000      0x1f6 ./Core/Src/callbacks.o
 .debug_abbrev  0x000001f6      0x109 ./Core/Src/kalman_filter.o
 .debug_abbrev  0x000002ff      0x34e ./Core/Src/main.o
 .debug_abbrev  0x0000064d      0x213 ./Core/Src/mpu6500.o
 .debug_abbrev  0x00000860      0x1d6 ./Core/Src/stm32f4xx_hal_msp.o
 .debug_abbrev  0x00000a36      0x1f4 ./Core/Src/stm32f4xx_hal_timebase_tim.o
 .debug_abbrev  0x00000c2a      0x196 ./Core/Src/stm32f4xx_it.o
 .debug_abbrev  0x00000dc0      0x11a ./Core/Src/system_stm32f4xx.o
 .debug_abbrev  0x00000eda       0x24 ./Core/Startup/startup_stm32f407vgtx.o
 .debug_abbrev  0x00000efe      0x214 ./Drivers/STM32F4xx_HAL_Driver/Src/stm32f4xx_hal.o
 .debug_abbrev  0x00001112      0x31d ./Drivers/STM32F4xx_HAL_Driver/Src/stm32f4xx_hal_cortex.o
 .debug_abbrev  0x0000142f      0x1d4 ./Drivers/STM32F4xx_HAL_Driver/Src/stm32f4xx_hal_gpio.o
 .debug_abbrev  0x00001603      0x2ad ./Drivers/STM32F4xx_HAL_Driver/Src/stm32f4xx_hal_i2c.o
 .debug_abbrev  0x000018b0      0x2b7 ./Drivers/STM32F4xx_HAL_Driver/Src/stm32f4xx_hal_rcc.o
 .debug_abbrev  0x00001b67      0x278 ./Drivers/STM32F4xx_HAL_Driver/Src/stm32f4xx_hal_tim.o
 .debug_abbrev  0x00001ddf      0x283 ./Drivers/STM32F4xx_HAL_Driver/Src/stm32f4xx_hal_tim_ex.o
 .debug_abbrev  0x00002062      0x548 ./Middlewares/Third_Party/FreeRTOS/Source/CMSIS_RTOS_V2/cmsis_os2.o
 .debug_abbrev  0x000025aa       0xf5 ./Middlewares/Third_Party/FreeRTOS/Source/list.o
 .debug_abbrev  0x0000269f      0x3b6 ./Middlewares/Third_Party/FreeRTOS/Source/queue.o
 .debug_abbrev  0x00002a55      0x3fe ./Middlewares/Third_Party/FreeRTOS/Source/tasks.o
 .debug_abbrev  0x00002e53      0x368 ./Middlewares/Third_Party/FreeRTOS/Source/timers.o
 .debug_abbrev  0x000031bb      0x25c ./Middlewares/Third_Party/FreeRTOS/Source/portable/GCC/ARM_CM4F/port.o
 .debug_abbrev  0x00003417      0x21d ./Middlewares/Third_Party/FreeRTOS/Source/portable/MemMang/heap_4.o

.debug_aranges  0x00000000     0x1598
 .debug_aranges
                0x00000000       0x38 ./Core/Src/callbacks.o
 .debug_aranges
                0x00000038       0x28 ./Core/Src/kalman_filter.o
 .debug_aranges
                0x00000060       0x70 ./Core/Src/main.o
 .debug_aranges
                0x000000d0       0xa0 ./Core/Src/mpu6500.o
 .debug_aranges
                0x00000170       0x48 ./Core/Src/stm32f4xx_hal_msp.o
 .debug_aranges
                0x000001b8       0x30 ./Core/Src/stm32f4xx_hal_timebase_tim.o
 .debug_aranges
                0x000001e8       0x68 ./Core/Src/stm32f4xx_it.o
 .debug_aranges
                0x00000250       0x28 ./Core/Src/system_stm32f4xx.o
 .debug_aranges
                0x00000278       0x28 ./Core/Startup/startup_stm32f407vgtx.o
 .debug_aranges
                0x000002a0       0xf0 ./Drivers/STM32F4xx_HAL_Driver/Src/stm32f4xx_hal.o
 .debug_aranges
                0x00000390      0x130 ./Drivers/STM32F4xx_HAL_Driver/Src/stm32f4xx_hal_cortex.o
 .debug_aranges
                0x000004c0       0x58 ./Drivers/STM32F4xx_HAL_Driver/Src/stm32f4xx_hal_gpio.o
 .debug_aranges
                0x00000518      0x2a8 ./Drivers/STM32F4xx_HAL_Driver/Src/stm32f4xx_hal_i2c.o
 .debug_aranges
                0x000007c0       0x88 ./Drivers/STM32F4xx_HAL_Driver/Src/stm32f4xx_hal_rcc.o
 .debug_aranges
                0x00000848      0x3d0 ./Drivers/STM32F4xx_HAL_Driver/Src/stm32f4xx_hal_tim.o
 .debug_aranges
                0x00000c18      0x168 ./Drivers/STM32F4xx_HAL_Driver/Src/stm32f4xx_hal_tim_ex.o
 .debug_aranges
                0x00000d80      0x2b0 ./Middlewares/Third_Party/FreeRTOS/Source/CMSIS_RTOS_V2/cmsis_os2.o
 .debug_aranges
                0x00001030       0x40 ./Middlewares/Third_Party/FreeRTOS/Source/list.o
 .debug_aranges
                0x00001070      0x158 ./Middlewares/Third_Party/FreeRTOS/Source/queue.o
 .debug_aranges
                0x000011c8      0x208 ./Middlewares/Third_Party/FreeRTOS/Source/tasks.o
 .debug_aranges
                0x000013d0       0xf0 ./Middlewares/Third_Party/FreeRTOS/Source/timers.o
 .debug_aranges
                0x000014c0       0x80 ./Middlewares/Third_Party/FreeRTOS/Source/portable/GCC/ARM_CM4F/port.o
 .debug_aranges
                0x00001540       0x58 ./Middlewares/Third_Party/FreeRTOS/Source/portable/MemMang/heap_4.o

.debug_rnglists
                0x00000000     0x10c2
 .debug_rnglists
                0x00000000       0x25 ./Core/Src/callbacks.o
 .debug_rnglists
                0x00000025       0x1a ./Core/Src/kalman_filter.o
 .debug_rnglists
                0x0000003f       0x55 ./Core/Src/main.o
 .debug_rnglists
                0x00000094       0x74 ./Core/Src/mpu6500.o
 .debug_rnglists
                0x00000108       0x32 ./Core/Src/stm32f4xx_hal_msp.o
 .debug_rnglists
                0x0000013a       0x20 ./Core/Src/stm32f4xx_hal_timebase_tim.o
 .debug_rnglists
                0x0000015a       0x49 ./Core/Src/stm32f4xx_it.o
 .debug_rnglists
                0x000001a3       0x1a ./Core/Src/system_stm32f4xx.o
 .debug_rnglists
                0x000001bd       0x19 ./Core/Startup/startup_stm32f407vgtx.o
 .debug_rnglists
                0x000001d6       0xaf ./Drivers/STM32F4xx_HAL_Driver/Src/stm32f4xx_hal.o
 .debug_rnglists
                0x00000285       0xe0 ./Drivers/STM32F4xx_HAL_Driver/Src/stm32f4xx_hal_cortex.o
 .debug_rnglists
                0x00000365       0x3f ./Drivers/STM32F4xx_HAL_Driver/Src/stm32f4xx_hal_gpio.o
 .debug_rnglists
                0x000003a4      0x23c ./Drivers/STM32F4xx_HAL_Driver/Src/stm32f4xx_hal_i2c.o
 .debug_rnglists
                0x000005e0       0x66 ./Drivers/STM32F4xx_HAL_Driver/Src/stm32f4xx_hal_rcc.o
 .debug_rnglists
                0x00000646      0x31a ./Drivers/STM32F4xx_HAL_Driver/Src/stm32f4xx_hal_tim.o
 .debug_rnglists
                0x00000960      0x125 ./Drivers/STM32F4xx_HAL_Driver/Src/stm32f4xx_hal_tim_ex.o
 .debug_rnglists
                0x00000a85      0x212 ./Middlewares/Third_Party/FreeRTOS/Source/CMSIS_RTOS_V2/cmsis_os2.o
 .debug_rnglists
                0x00000c97       0x2b ./Middlewares/Third_Party/FreeRTOS/Source/list.o
 .debug_rnglists
                0x00000cc2      0x109 ./Middlewares/Third_Party/FreeRTOS/Source/queue.o
 .debug_rnglists
                0x00000dcb      0x1a0 ./Middlewares/Third_Party/FreeRTOS/Source/tasks.o
 .debug_rnglists
                0x00000f6b       0xb8 ./Middlewares/Third_Party/FreeRTOS/Source/timers.o
 .debug_rnglists
                0x00001023       0x5d ./Middlewares/Third_Party/FreeRTOS/Source/portable/GCC/ARM_CM4F/port.o
 .debug_rnglists
                0x00001080       0x42 ./Middlewares/Third_Party/FreeRTOS/Source/portable/MemMang/heap_4.o

.debug_macro    0x00000000    0x23d6b
 .debug_macro   0x00000000      0x340 ./Core/Src/callbacks.o
 .debug_macro   0x00000340      0xad8 ./Core/Src/callbacks.o
 .debug_macro   0x00000e18      0x29b ./Core/Src/callbacks.o
 .debug_macro   0x000010b3       0x2e ./Core/Src/callbacks.o
 .debug_macro   0x000010e1       0x2f ./Core/Src/callbacks.o
 .debug_macro   0x00001110       0x22 ./Core/Src/callbacks.o
 .debug_macro   0x00001132       0x8e ./Core/Src/callbacks.o
 .debug_macro   0x000011c0       0x51 ./Core/Src/callbacks.o
 .debug_macro   0x00001211      0x103 ./Core/Src/callbacks.o
 .debug_macro   0x00001314       0x6a ./Core/Src/callbacks.o
 .debug_macro   0x0000137e      0x1df ./Core/Src/callbacks.o
 .debug_macro   0x0000155d       0x1c ./Core/Src/callbacks.o
 .debug_macro   0x00001579       0x22 ./Core/Src/callbacks.o
 .debug_macro   0x0000159b       0xfb ./Core/Src/callbacks.o
 .debug_macro   0x00001696     0x1011 ./Core/Src/callbacks.o
 .debug_macro   0x000026a7      0x11f ./Core/Src/callbacks.o
 .debug_macro   0x000027c6    0x15ea5 ./Core/Src/callbacks.o
 .debug_macro   0x0001866b       0x6d ./Core/Src/callbacks.o
 .debug_macro   0x000186d8     0x3693 ./Core/Src/callbacks.o
 .debug_macro   0x0001bd6b      0x190 ./Core/Src/callbacks.o
 .debug_macro   0x0001befb       0x5c ./Core/Src/callbacks.o
 .debug_macro   0x0001bf57      0x980 ./Core/Src/callbacks.o
 .debug_macro   0x0001c8d7      0x9e9 ./Core/Src/callbacks.o
 .debug_macro   0x0001d2c0      0x115 ./Core/Src/callbacks.o
 .debug_macro   0x0001d3d5      0x13e ./Core/Src/callbacks.o
 .debug_macro   0x0001d513       0xa5 ./Core/Src/callbacks.o
 .debug_macro   0x0001d5b8      0x174 ./Core/Src/callbacks.o
 .debug_macro   0x0001d72c      0x287 ./Core/Src/callbacks.o
 .debug_macro   0x0001d9b3       0x5f ./Core/Src/callbacks.o
 .debug_macro   0x0001da12      0x236 ./Core/Src/callbacks.o
 .debug_macro   0x0001dc48      0x12c ./Core/Src/callbacks.o
 .debug_macro   0x0001dd74      0x21e ./Core/Src/callbacks.o
 .debug_macro   0x0001df92       0x2e ./Core/Src/callbacks.o
 .debug_macro   0x0001dfc0      0x1b5 ./Core/Src/callbacks.o
 .debug_macro   0x0001e175       0xd6 ./Core/Src/callbacks.o
 .debug_macro   0x0001e24b      0x127 ./Core/Src/callbacks.o
 .debug_macro   0x0001e372       0x7e ./Core/Src/callbacks.o
 .debug_macro   0x0001e3f0       0x89 ./Core/Src/callbacks.o
 .debug_macro   0x0001e479      0x8ed ./Core/Src/callbacks.o
 .debug_macro   0x0001ed66       0x4d ./Core/Src/callbacks.o
 .debug_macro   0x0001edb3      0x12d ./Core/Src/callbacks.o
 .debug_macro   0x0001eee0      0x15a ./Core/Src/callbacks.o
 .debug_macro   0x0001f03a      0x16f ./Core/Src/callbacks.o
 .debug_macro   0x0001f1a9      0x15a ./Core/Src/callbacks.o
 .debug_macro   0x0001f303       0xc9 ./Core/Src/callbacks.o
 .debug_macro   0x0001f3cc       0x1c ./Core/Src/callbacks.o
 .debug_macro   0x0001f3e8       0x26 ./Core/Src/callbacks.o
 .debug_macro   0x0001f40e       0x61 ./Core/Src/callbacks.o
 .debug_macro   0x0001f46f       0x2a ./Core/Src/callbacks.o
 .debug_macro   0x0001f499       0x43 ./Core/Src/callbacks.o
 .debug_macro   0x0001f4dc       0x34 ./Core/Src/callbacks.o
 .debug_macro   0x0001f510      0x370 ./Core/Src/callbacks.o
 .debug_macro   0x0001f880       0x16 ./Core/Src/callbacks.o
 .debug_macro   0x0001f896       0x4a ./Core/Src/callbacks.o
 .debug_macro   0x0001f8e0       0x34 ./Core/Src/callbacks.o
 .debug_macro   0x0001f914       0x10 ./Core/Src/callbacks.o
 .debug_macro   0x0001f924       0x58 ./Core/Src/callbacks.o
 .debug_macro   0x0001f97c       0x8e ./Core/Src/callbacks.o
 .debug_macro   0x0001fa0a       0x1c ./Core/Src/callbacks.o
 .debug_macro   0x0001fa26      0x185 ./Core/Src/callbacks.o
 .debug_macro   0x0001fbab       0x10 ./Core/Src/callbacks.o
 .debug_macro   0x0001fbbb       0x3c ./Core/Src/callbacks.o
 .debug_macro   0x0001fbf7      0x4bf ./Core/Src/callbacks.o
 .debug_macro   0x000200b6       0xb5 ./Core/Src/callbacks.o
 .debug_macro   0x0002016b       0xaa ./Core/Src/callbacks.o
 .debug_macro   0x00020215       0x66 ./Core/Src/callbacks.o
 .debug_macro   0x0002027b       0x74 ./Core/Src/callbacks.o
 .debug_macro   0x000202ef       0xdd ./Core/Src/callbacks.o
 .debug_macro   0x000203cc       0x40 ./Core/Src/callbacks.o
 .debug_macro   0x0002040c      0x130 ./Core/Src/kalman_filter.o
 .debug_macro   0x0002053c       0x5b ./Core/Src/kalman_filter.o
 .debug_macro   0x00020597       0x94 ./Core/Src/kalman_filter.o
 .debug_macro   0x0002062b       0x16 ./Core/Src/kalman_filter.o
 .debug_macro   0x00020641       0x57 ./Core/Src/kalman_filter.o
 .debug_macro   0x00020698       0x9e ./Core/Src/kalman_filter.o
 .debug_macro   0x00020736      0x112 ./Core/Src/kalman_filter.o
 .debug_macro   0x00020848       0x10 ./Core/Src/kalman_filter.o
 .debug_macro   0x00020858       0x16 ./Core/Src/kalman_filter.o
 .debug_macro   0x0002086e       0x16 ./Core/Src/kalman_filter.o
 .debug_macro   0x00020884      0x146 ./Core/Src/kalman_filter.o