../Core/Src/main.c:107:5:main	8	static
../Core/Src/main.c:224:6:SystemClock_Config	88	static
../Core/Src/main.c:270:13:MX_I2C1_Init	8	static
../Core/Src/main.c:304:13:MX_TIM4_Init	64	static
../Core/Src/main.c:368:13:MX_GPIO_Init	56	static
../Core/Src/main.c:510:6:map	32	static
../Core/Src/main.c:525:6:StartDefaultTask	16	static
../Core/Src/main.c:543:6:Sensor_Read_Task	40	static
../Core/Src/main.c:573:6:PWM_Control_Task	120	static
../Core/Src/main.c:615:6:HAL_TIM_PeriodElapsedCallback	16	static
../Core/Src/main.c:635:6:Error_Handler	4	static,ignoring_inline_asm
