../Core/Src/mpu6500.c:12:18:MPU6500_ReadByte	40	static
../Core/Src/mpu6500.c:19:18:MPU6500_WriteByte	40	static
../Core/Src/mpu6500.c:26:18:MPU6500_ReadBurst	40	static
../Core/Src/mpu6500.c:33:18:MPU6500_Read_Accelerometer_Data	40	static
../Core/Src/mpu6500.c:44:30:MPU6500_Accelerometer_Calibration	32	static
../Core/Src/mpu6500.c:52:18:MPU6500_LowPassFilter_Config	24	static
../Core/Src/mpu6500.c:67:18:MPU6500_Interrupt_Config	24	static
../Core/Src/mpu6500.c:77:18:MPU6500_Enable_Interrupts	24	static
../Core/Src/mpu6500.c:86:18:MPU6500_Disable_Interrupts	24	static
../Core/Src/mpu6500.c:95:25:MPU6500_Read_Interrupt_Status_Reg	16	static
../Core/Src/mpu6500.c:102:25:MPU6500_Read_InterruptEnable_Status_Reg	16	static
../Core/Src/mpu6500.c:109:18:MPU6500_Interrupt_Handle	24	static
../Core/Src/mpu6500.c:131:18:MPU6500_Init	24	static
../Core/Src/mpu6500.c:148:13:MPU6500_MotionDetection_Callback	4	static
../Core/Src/mpu6500.c:152:13:MPU6500_RawReady_Callback	4	static
../Core/Src/mpu6500.c:156:13:MPU6500_I2C_MST_Callback	4	static
../Core/Src/mpu6500.c:160:13:MPU6500_FIFO_OFLOW_Callback	4	static
